Component: ARM Compiler 6.14 Tool: armlink [5db06800]

==============================================================================

Section Cross References

    main.o(.text.main) refers to main.o(.text.System_Config) for System_Config
    main.o(.text.main) refers to event_groups.o(.text.xEventGroupCreate) for xEventGroupCreate
    main.o(.text.main) refers to main.o(.bss.xEventGroup) for xEventGroup
    main.o(.text.main) refers to main.o(.text.vTaskMain) for vTaskMain
    main.o(.text.main) refers to tasks.o(.text.xTaskCreate) for xTaskCreate
    main.o(.text.main) refers to main.o(.data.taskList) for taskList
    main.o(.text.main) refers to main.o(.text.vTaskHandler) for vTaskHandler
    main.o(.text.main) refers to tasks.o(.text.vTaskStartScheduler) for vTaskStartScheduler
    main.o(.ARM.exidx.text.main) refers to main.o(.text.main) for [Anonymous Symbol]
    main.o(.text.System_Config) refers to system_stm32f10x.o(.text.SystemInit) for SystemInit
    main.o(.text.System_Config) refers to main.o(.text.GPIO_Config) for GPIO_Config
    main.o(.text.System_Config) refers to main.o(.text.USART_Config) for USART_Config
    main.o(.ARM.exidx.text.System_Config) refers to main.o(.text.System_Config) for [Anonymous Symbol]
    main.o(.text.vTaskMain) refers to main.o(.bss.xEventGroup) for xEventGroup
    main.o(.text.vTaskMain) refers to event_groups.o(.text.xEventGroupSetBits) for xEventGroupSetBits
    main.o(.text.vTaskMain) refers to tasks.o(.text.vTaskDelay) for vTaskDelay
    main.o(.ARM.exidx.text.vTaskMain) refers to main.o(.text.vTaskMain) for [Anonymous Symbol]
    main.o(.text.vTaskHandler) refers to main.o(.bss.xEventGroup) for xEventGroup
    main.o(.text.vTaskHandler) refers to event_groups.o(.text.xEventGroupWaitBits) for xEventGroupWaitBits
    main.o(.text.vTaskHandler) refers to stm32f10x_gpio.o(.text.GPIO_SetBits) for GPIO_SetBits
    main.o(.text.vTaskHandler) refers to tasks.o(.text.vTaskSuspendAll) for vTaskSuspendAll
    main.o(.text.vTaskHandler) refers to main.o(.text.UART_SendStr) for UART_SendStr
    main.o(.text.vTaskHandler) refers to tasks.o(.text.xTaskResumeAll) for xTaskResumeAll
    main.o(.text.vTaskHandler) refers to tasks.o(.text.vTaskDelay) for vTaskDelay
    main.o(.text.vTaskHandler) refers to stm32f10x_gpio.o(.text.GPIO_ResetBits) for GPIO_ResetBits
    main.o(.ARM.exidx.text.vTaskHandler) refers to main.o(.text.vTaskHandler) for [Anonymous Symbol]
    main.o(.text.UART_SendStr) refers to main.o(.text.UART_SendChar) for UART_SendChar
    main.o(.ARM.exidx.text.UART_SendStr) refers to main.o(.text.UART_SendStr) for [Anonymous Symbol]
    main.o(.text.UART_SendChar) refers to stm32f10x_usart.o(.text.USART_SendData) for USART_SendData
    main.o(.text.UART_SendChar) refers to stm32f10x_usart.o(.text.USART_GetFlagStatus) for USART_GetFlagStatus
    main.o(.ARM.exidx.text.UART_SendChar) refers to main.o(.text.UART_SendChar) for [Anonymous Symbol]
    main.o(.text.GPIO_Config) refers to stm32f10x_rcc_1.o(.text.RCC_APB2PeriphClockCmd) for RCC_APB2PeriphClockCmd
    main.o(.text.GPIO_Config) refers to stm32f10x_gpio.o(.text.GPIO_Init) for GPIO_Init
    main.o(.text.GPIO_Config) refers to stm32f10x_gpio.o(.text.GPIO_ResetBits) for GPIO_ResetBits
    main.o(.ARM.exidx.text.GPIO_Config) refers to main.o(.text.GPIO_Config) for [Anonymous Symbol]
    main.o(.text.USART_Config) refers to stm32f10x_rcc_1.o(.text.RCC_APB2PeriphClockCmd) for RCC_APB2PeriphClockCmd
    main.o(.text.USART_Config) refers to stm32f10x_gpio.o(.text.GPIO_Init) for GPIO_Init
    main.o(.text.USART_Config) refers to stm32f10x_usart.o(.text.USART_Init) for USART_Init
    main.o(.text.USART_Config) refers to stm32f10x_usart.o(.text.USART_Cmd) for USART_Cmd
    main.o(.ARM.exidx.text.USART_Config) refers to main.o(.text.USART_Config) for [Anonymous Symbol]
    misc_1.o(.ARM.exidx.text.NVIC_PriorityGroupConfig) refers to misc_1.o(.text.NVIC_PriorityGroupConfig) for [Anonymous Symbol]
    misc_1.o(.text.NVIC_Init) refers to misc_1.o(.text.__NVIC_SetPriority) for __NVIC_SetPriority
    misc_1.o(.ARM.exidx.text.NVIC_Init) refers to misc_1.o(.text.NVIC_Init) for [Anonymous Symbol]
    misc_1.o(.ARM.exidx.text.__NVIC_SetPriority) refers to misc_1.o(.text.__NVIC_SetPriority) for [Anonymous Symbol]
    misc_1.o(.ARM.exidx.text.NVIC_SetVectorTable) refers to misc_1.o(.text.NVIC_SetVectorTable) for [Anonymous Symbol]
    misc_1.o(.ARM.exidx.text.NVIC_SystemLPConfig) refers to misc_1.o(.text.NVIC_SystemLPConfig) for [Anonymous Symbol]
    misc_1.o(.ARM.exidx.text.SysTick_CLKSourceConfig) refers to misc_1.o(.text.SysTick_CLKSourceConfig) for [Anonymous Symbol]
    stm32f10x_gpio.o(.text.GPIO_DeInit) refers to stm32f10x_rcc_1.o(.text.RCC_APB2PeriphResetCmd) for RCC_APB2PeriphResetCmd
    stm32f10x_gpio.o(.ARM.exidx.text.GPIO_DeInit) refers to stm32f10x_gpio.o(.text.GPIO_DeInit) for [Anonymous Symbol]
[...]
    .ARM.Collect$$libinit$$00000011          0x08000162   Section        0  libinit2.o(.ARM.Collect$$libinit$$00000011)
    .ARM.Collect$$libinit$$00000013          0x08000162   Section        0  libinit2.o(.ARM.Collect$$libinit$$00000013)
    .ARM.Collect$$libinit$$00000015          0x08000162   Section        0  libinit2.o(.ARM.Collect$$libinit$$00000015)
    .ARM.Collect$$libinit$$00000017          0x08000162   Section        0  libinit2.o(.ARM.Collect$$libinit$$00000017)
    .ARM.Collect$$libinit$$00000019          0x08000162   Section        0  libinit2.o(.ARM.Collect$$libinit$$00000019)
    .ARM.Collect$$libinit$$0000001B          0x08000162   Section        0  libinit2.o(.ARM.Collect$$libinit$$0000001B)
    .ARM.Collect$$libinit$$0000001D          0x08000162   Section        0  libinit2.o(.ARM.Collect$$libinit$$0000001D)
    .ARM.Collect$$libinit$$0000001F          0x08000162   Section        0  libinit2.o(.ARM.Collect$$libinit$$0000001F)
    .ARM.Collect$$libinit$$00000021          0x08000162   Section        0  libinit2.o(.ARM.Collect$$libinit$$00000021)
    .ARM.Collect$$libinit$$00000023          0x08000162   Section        0  libinit2.o(.ARM.Collect$$libinit$$00000023)
    .ARM.Collect$$libinit$$00000025          0x08000162   Section        0  libinit2.o(.ARM.Collect$$libinit$$00000025)
    .ARM.Collect$$libinit$$0000002C          0x08000162   Section        0  libinit2.o(.ARM.Collect$$libinit$$0000002C)
    .ARM.Collect$$libinit$$0000002E          0x08000162   Section        0  libinit2.o(.ARM.Collect$$libinit$$0000002E)
    .ARM.Collect$$libinit$$00000030          0x08000162   Section        0  libinit2.o(.ARM.Collect$$libinit$$00000030)
    .ARM.Collect$$libinit$$00000032          0x08000162   Section        0  libinit2.o(.ARM.Collect$$libinit$$00000032)
    .ARM.Collect$$libinit$$00000033          0x08000162   Section        2  libinit2.o(.ARM.Collect$$libinit$$00000033)
    .ARM.Collect$$libshutdown$$00000000      0x08000164   Section        2  libshutdown.o(.ARM.Collect$$libshutdown$$00000000)
    .ARM.Collect$$libshutdown$$00000002      0x08000166   Section        0  libshutdown2.o(.ARM.Collect$$libshutdown$$00000002)
    .ARM.Collect$$libshutdown$$00000004      0x08000166   Section        0  libshutdown2.o(.ARM.Collect$$libshutdown$$00000004)
    .ARM.Collect$$libshutdown$$00000007      0x08000166   Section        0  libshutdown2.o(.ARM.Collect$$libshutdown$$00000007)
    .ARM.Collect$$libshutdown$$0000000A      0x08000166   Section        0  libshutdown2.o(.ARM.Collect$$libshutdown$$0000000A)
    .ARM.Collect$$libshutdown$$0000000C      0x08000166   Section        0  libshutdown2.o(.ARM.Collect$$libshutdown$$0000000C)
    .ARM.Collect$$libshutdown$$0000000F      0x08000166   Section        0  libshutdown2.o(.ARM.Collect$$libshutdown$$0000000F)
    .ARM.Collect$$libshutdown$$00000010      0x08000166   Section        2  libshutdown2.o(.ARM.Collect$$libshutdown$$00000010)
    .ARM.Collect$$rtentry$$00000000          0x08000168   Section        0  __rtentry.o(.ARM.Collect$$rtentry$$00000000)
    .ARM.Collect$$rtentry$$00000002          0x08000168   Section        0  __rtentry2.o(.ARM.Collect$$rtentry$$00000002)
    .ARM.Collect$$rtentry$$00000004          0x08000168   Section        6  __rtentry4.o(.ARM.Collect$$rtentry$$00000004)
    .ARM.Collect$$rtentry$$00000008          0x0800016e   Section        8  __rtentry2.o(.ARM.Collect$$rtentry$$00000008)
    .ARM.Collect$$rtentry$$0000000A          0x08000176   Section        4  __rtentry2.o(.ARM.Collect$$rtentry$$0000000A)
    .ARM.Collect$$rtentry$$0000000C          0x0800017a   Section        0  __rtentry2.o(.ARM.Collect$$rtentry$$0000000C)
    .ARM.Collect$$rtentry$$0000000D          0x0800017a   Section        8  __rtentry2.o(.ARM.Collect$$rtentry$$0000000D)
    .ARM.Collect$$rtexit$$00000000           0x08000182   Section        2  rtexit.o(.ARM.Collect$$rtexit$$00000000)
    .ARM.Collect$$rtexit$$00000002           0x08000184   Section        0  rtexit2.o(.ARM.Collect$$rtexit$$00000002)
    .ARM.Collect$$rtexit$$00000003           0x08000184   Section        4  rtexit2.o(.ARM.Collect$$rtexit$$00000003)
    .ARM.Collect$$rtexit$$00000004           0x08000188   Section        6  rtexit2.o(.ARM.Collect$$rtexit$$00000004)
    .text                                    0x08000190   Section       64  startup_stm32f10x_md.o(.text)
    .text                                    0x080001d0   Section      138  rt_memcpy_v6.o(.text)
    .text                                    0x0800025a   Section       16  aeabi_memset4.o(.text)
    .text                                    0x0800026a   Section       68  rt_memclr.o(.text)
    .text                                    0x080002ae   Section        0  heapauxi.o(.text)
    .text                                    0x080002b4   Section      100  rt_memcpy_w.o(.text)
    .text                                    0x08000318   Section       78  rt_memclr_w.o(.text)
    .text                                    0x08000366   Section       74  sys_stackheap_outer.o(.text)
    .text                                    0x080003b0   Section        0  exit.o(.text)
    .text                                    0x080003c4   Section        8  libspace.o(.text)
    .text                                    0x080003cc   Section        0  sys_exit.o(.text)
    .text                                    0x080003d8   Section        2  use_no_semi.o(.text)
    .text                                    0x080003da   Section        0  indicate_semi.o(.text)
    GPIO_Config                              0x080003dd   Thumb Code    52  main.o(.text.GPIO_Config)
    [Anonymous Symbol]                       0x080003dc   Section        0  main.o(.text.GPIO_Config)
    [Anonymous Symbol]                       0x08000410   Section        0  stm32f10x_gpio.o(.text.GPIO_Init)
    [Anonymous Symbol]                       0x080004c0   Section        0  stm32f10x_gpio.o(.text.GPIO_ResetBits)
    [Anonymous Symbol]                       0x080004c4   Section        0  stm32f10x_gpio.o(.text.GPIO_SetBits)
    [Anonymous Symbol]                       0x080004c8   Section        0  port.o(.text.PendSV_Handler)
    [Anonymous Symbol]                       0x0800050c   Section        0  stm32f10x_rcc_1.o(.text.RCC_APB2PeriphClockCmd)
    [Anonymous Symbol]                       0x08000524   Section        0  stm32f10x_rcc_1.o(.text.RCC_GetClocksFreq)
    [Anonymous Symbol]                       0x080005c4   Section        0  port.o(.text.SVC_Handler)
    SetSysClock                              0x080005e9   Thumb Code     8  system_stm32f10x.o(.text.SetSysClock)
    [Anonymous Symbol]                       0x080005e8   Section        0  system_stm32f10x.o(.text.SetSysClock)
    SetSysClockTo72                          0x080005f1   Thumb Code   190  system_stm32f10x.o(.text.SetSysClockTo72)
    [Anonymous Symbol]                       0x080005f0   Section        0  system_stm32f10x.o(.text.SetSysClockTo72)
    [Anonymous Symbol]                       0x080006b0   Section        0  cmsis_os2.o(.text.SysTick_Handler)
    [Anonymous Symbol]                       0x080006cc   Section        0  system_stm32f10x.o(.text.SystemInit)
    System_Config                            0x08000725   Thumb Code    16  main.o(.text.System_Config)
    [Anonymous Symbol]                       0x08000724   Section        0  main.o(.text.System_Config)
    UART_SendChar                            0x08000735   Thumb Code    34  main.o(.text.UART_SendChar)
    [Anonymous Symbol]                       0x08000734   Section        0  main.o(.text.UART_SendChar)
    UART_SendStr                             0x08000759   Thumb Code    28  main.o(.text.UART_SendStr)
    [Anonymous Symbol]                       0x08000758   Section        0  main.o(.text.UART_SendStr)
    [Anonymous Symbol]                       0x08000774   Section        0  stm32f10x_usart.o(.text.USART_Cmd)
    USART_Config                             0x08000789   Thumb Code   108  main.o(.text.USART_Config)
    [Anonymous Symbol]                       0x08000788   Section        0  main.o(.text.USART_Config)
    [Anonymous Symbol]                       0x080007f4   Section        0  stm32f10x_usart.o(.text.USART_GetFlagStatus)
    [Anonymous Symbol]                       0x08000800   Section        0  stm32f10x_usart.o(.text.USART_Init)
    [Anonymous Symbol]                       0x080008b4   Section        0  stm32f10x_usart.o(.text.USART_SendData)
    __tagsym$$used.1                         0x080008bc   Number         0  clib_os.o(.text._mutex_acquire)
    [Anonymous Symbol]                       0x080008bc   Section        0  clib_os.o(.text._mutex_acquire)
    __tagsym$$used.3                         0x080008dc   Number         0  clib_os.o(.text._mutex_free)
    [Anonymous Symbol]                       0x080008dc   Section        0  clib_os.o(.text._mutex_free)
    __tagsym$$used.0                         0x08000910   Number         0  clib_os.o(.text._mutex_initialize)
    [Anonymous Symbol]                       0x08000910   Section        0  clib_os.o(.text._mutex_initialize)
    __tagsym$$used.2                         0x08000968   Number         0  clib_os.o(.text._mutex_release)
    [Anonymous Symbol]                       0x08000968   Section        0  clib_os.o(.text._mutex_release)
    [Anonymous Symbol]                       0x0800098c   Section        0  clib_os.o(.text._platform_post_stackheap_init)
    is_thread_mode                           0x08000991   Thumb Code    12  clib_os.o(.text.is_thread_mode)
    [Anonymous Symbol]                       0x08000990   Section        0  clib_os.o(.text.is_thread_mode)
    [Anonymous Symbol]                       0x0800099c   Section        0  main.o(.text.main)
    os_kernel_is_active                      0x08000a0d   Thumb Code    16  clib_os.o(.text.os_kernel_is_active)
    [Anonymous Symbol]                       0x08000a0c   Section        0  clib_os.o(.text.os_kernel_is_active)
    prvAddCurrentTaskToDelayedList           0x08000a1d   Thumb Code   178  tasks.o(.text.prvAddCurrentTaskToDelayedList)
    [Anonymous Symbol]                       0x08000a1c   Section        0  tasks.o(.text.prvAddCurrentTaskToDelayedList)
    prvAddNewTaskToReadyList                 0x08000ad1   Thumb Code   204  tasks.o(.text.prvAddNewTaskToReadyList)
    [Anonymous Symbol]                       0x08000ad0   Section        0  tasks.o(.text.prvAddNewTaskToReadyList)
    prvCheckForValidListAndQueue             0x08000b9d   Thumb Code   106  timers.o(.text.prvCheckForValidListAndQueue)
    [Anonymous Symbol]                       0x08000b9c   Section        0  timers.o(.text.prvCheckForValidListAndQueue)
    prvCheckTasksWaitingTermination          0x08000c09   Thumb Code    78  tasks.o(.text.prvCheckTasksWaitingTermination)
    [Anonymous Symbol]                       0x08000c08   Section        0  tasks.o(.text.prvCheckTasksWaitingTermination)
    prvCopyDataFromQueue                     0x08000c59   Thumb Code    38  queue.o(.text.prvCopyDataFromQueue)
    [Anonymous Symbol]                       0x08000c58   Section        0  queue.o(.text.prvCopyDataFromQueue)
    prvCopyDataToQueue                       0x08000c81   Thumb Code   122  queue.o(.text.prvCopyDataToQueue)
    [Anonymous Symbol]                       0x08000c80   Section        0  queue.o(.text.prvCopyDataToQueue)
    prvCreateIdleTasks                       0x08000cfd   Thumb Code   108  tasks.o(.text.prvCreateIdleTasks)
    [Anonymous Symbol]                       0x08000cfc   Section        0  tasks.o(.text.prvCreateIdleTasks)
    prvCreateStaticTask                      0x08000d69   Thumb Code   114  tasks.o(.text.prvCreateStaticTask)
    [Anonymous Symbol]                       0x08000d68   Section        0  tasks.o(.text.prvCreateStaticTask)
    prvCreateTask                            0x08000ddd   Thumb Code    92  tasks.o(.text.prvCreateTask)
    [Anonymous Symbol]                       0x08000ddc   Section        0  tasks.o(.text.prvCreateTask)
    prvDeleteTCB                             0x08000e39   Thumb Code    38  tasks.o(.text.prvDeleteTCB)
    [Anonymous Symbol]                       0x08000e38   Section        0  tasks.o(.text.prvDeleteTCB)
    prvGetHighestPriorityOfWaitToReceiveList 0x08000e61   Thumb Code    18  queue.o(.text.prvGetHighestPriorityOfWaitToReceiveList)
    [Anonymous Symbol]                       0x08000e60   Section        0  queue.o(.text.prvGetHighestPriorityOfWaitToReceiveList)
    prvGetNextExpireTime                     0x08000e75   Thumb Code    32  timers.o(.text.prvGetNextExpireTime)
    [Anonymous Symbol]                       0x08000e74   Section        0  timers.o(.text.prvGetNextExpireTime)
    prvHeapInit                              0x08000e95   Thumb Code   106  heap_4.o(.text.prvHeapInit)
    [Anonymous Symbol]                       0x08000e94   Section        0  heap_4.o(.text.prvHeapInit)
    prvIdleTask                              0x08000f01   Thumb Code    42  tasks.o(.text.prvIdleTask)
    [Anonymous Symbol]                       0x08000f00   Section        0  tasks.o(.text.prvIdleTask)
    prvInitialiseMutex                       0x08000f2d   Thumb Code    32  queue.o(.text.prvInitialiseMutex)
    [Anonymous Symbol]                       0x08000f2c   Section        0  queue.o(.text.prvInitialiseMutex)
    prvInitialiseNewQueue                    0x08000f4d   Thumb Code    32  queue.o(.text.prvInitialiseNewQueue)
    [Anonymous Symbol]                       0x08000f4c   Section        0  queue.o(.text.prvInitialiseNewQueue)
    prvInitialiseNewTask                     0x08000f6d   Thumb Code   140  tasks.o(.text.prvInitialiseNewTask)
    [Anonymous Symbol]                       0x08000f6c   Section        0  tasks.o(.text.prvInitialiseNewTask)
    prvInitialiseTaskLists                   0x08000ff9   Thumb Code   112  tasks.o(.text.prvInitialiseTaskLists)
    [Anonymous Symbol]                       0x08000ff8   Section        0  tasks.o(.text.prvInitialiseTaskLists)
    prvInsertBlockIntoFreeList               0x08001069   Thumb Code   120  heap_4.o(.text.prvInsertBlockIntoFreeList)
    [Anonymous Symbol]                       0x08001068   Section        0  heap_4.o(.text.prvInsertBlockIntoFreeList)
    prvInsertTimerInActiveList               0x080010e1   Thumb Code    64  timers.o(.text.prvInsertTimerInActiveList)
    [Anonymous Symbol]                       0x080010e0   Section        0  timers.o(.text.prvInsertTimerInActiveList)
    prvIsQueueEmpty                          0x08001121   Thumb Code    24  queue.o(.text.prvIsQueueEmpty)
    [Anonymous Symbol]                       0x08001120   Section        0  queue.o(.text.prvIsQueueEmpty)
    prvIsQueueFull                           0x08001139   Thumb Code    28  queue.o(.text.prvIsQueueFull)
    [Anonymous Symbol]                       0x08001138   Section        0  queue.o(.text.prvIsQueueFull)
    prvPortStartFirstTask                    0x08001155   Thumb Code    32  port.o(.text.prvPortStartFirstTask)
    [Anonymous Symbol]                       0x08001154   Section        0  port.o(.text.prvPortStartFirstTask)
    prvProcessExpiredTimer                   0x08001175   Thumb Code    62  timers.o(.text.prvProcessExpiredTimer)
    [Anonymous Symbol]                       0x08001174   Section        0  timers.o(.text.prvProcessExpiredTimer)
    prvProcessReceivedCommands               0x080011b5   Thumb Code   280  timers.o(.text.prvProcessReceivedCommands)
    [Anonymous Symbol]                       0x080011b4   Section        0  timers.o(.text.prvProcessReceivedCommands)
    prvProcessTimerOrBlockTask               0x080012cd   Thumb Code   128  timers.o(.text.prvProcessTimerOrBlockTask)
    [Anonymous Symbol]                       0x080012cc   Section        0  timers.o(.text.prvProcessTimerOrBlockTask)
    prvReloadTimer                           0x0800134d   Thumb Code    58  timers.o(.text.prvReloadTimer)
    [Anonymous Symbol]                       0x0800134c   Section        0  timers.o(.text.prvReloadTimer)
    prvResetNextTaskUnblockTime              0x08001389   Thumb Code    38  tasks.o(.text.prvResetNextTaskUnblockTime)
    [Anonymous Symbol]                       0x08001388   Section        0  tasks.o(.text.prvResetNextTaskUnblockTime)
    prvSampleTimeNow                         0x080013b1   Thumb Code    42  timers.o(.text.prvSampleTimeNow)
    [Anonymous Symbol]                       0x080013b0   Section        0  timers.o(.text.prvSampleTimeNow)
    prvSwitchTimerLists                      0x080013dd   Thumb Code    52  timers.o(.text.prvSwitchTimerLists)
    [Anonymous Symbol]                       0x080013dc   Section        0  timers.o(.text.prvSwitchTimerLists)
    prvTaskExitError                         0x08001411   Thumb Code    50  port.o(.text.prvTaskExitError)
    [Anonymous Symbol]                       0x08001410   Section        0  port.o(.text.prvTaskExitError)
    prvTestWaitCondition                     0x08001445   Thumb Code    24  event_groups.o(.text.prvTestWaitCondition)
    [Anonymous Symbol]                       0x08001444   Section        0  event_groups.o(.text.prvTestWaitCondition)
    prvTimerTask                             0x0800145d   Thumb Code    22  timers.o(.text.prvTimerTask)
    [Anonymous Symbol]                       0x0800145c   Section        0  timers.o(.text.prvTimerTask)
    prvUnlockQueue                           0x08001475   Thumb Code   114  queue.o(.text.prvUnlockQueue)
    [Anonymous Symbol]                       0x08001474   Section        0  queue.o(.text.prvUnlockQueue)
    [Anonymous Symbol]                       0x080014e8   Section        0  heap_4.o(.text.pvPortMalloc)
    [Anonymous Symbol]                       0x08001638   Section        0  tasks.o(.text.pvTaskIncrementMutexHeldCount)
    [Anonymous Symbol]                       0x08001650   Section        0  port.o(.text.pxPortInitialiseStack)
    [Anonymous Symbol]                       0x08001670   Section        0  list.o(.text.uxListRemove)
    [Anonymous Symbol]                       0x08001698   Section        0  tasks.o(.text.uxTaskResetEventItemValue)
    [Anonymous Symbol]                       0x080016b4   Section        0  tasks.o(.text.vApplicationGetIdleTaskMemory)
    [Anonymous Symbol]                       0x080016d0   Section        0  tasks.o(.text.vApplicationGetTimerTaskMemory)
    [Anonymous Symbol]                       0x080016ec   Section        0  cmsis_os2.o(.text.vApplicationStackOverflowHook)
    [Anonymous Symbol]                       0x080016f0   Section        0  list.o(.text.vListInitialise)
    [Anonymous Symbol]                       0x08001708   Section        0  list.o(.text.vListInitialiseItem)
    [Anonymous Symbol]                       0x08001710   Section        0  list.o(.text.vListInsert)
    [Anonymous Symbol]                       0x0800174c   Section        0  port.o(.text.vPortEnterCritical)
    [Anonymous Symbol]                       0x08001784   Section        0  port.o(.text.vPortExitCritical)
    [Anonymous Symbol]                       0x080017a4   Section        0  heap_4.o(.text.vPortFree)
    [Anonymous Symbol]                       0x08001824   Section        0  port.o(.text.vPortSetupTimerInterrupt)
    [Anonymous Symbol]                       0x08001858   Section        0  queue.o(.text.vQueueDelete)
    [Anonymous Symbol]                       0x0800186c   Section        0  queue.o(.text.vQueueWaitForMessageRestricted)
    [Anonymous Symbol]                       0x080018b0   Section        0  tasks.o(.text.vTaskDelay)
    vTaskHandler                             0x080018f5   Thumb Code   124  main.o(.text.vTaskHandler)
    [Anonymous Symbol]                       0x080018f4   Section        0  main.o(.text.vTaskHandler)
    [Anonymous Symbol]                       0x08001970   Section        0  tasks.o(.text.vTaskInternalSetTimeOutState)
    vTaskMain                                0x0800198d   Thumb Code    74  main.o(.text.vTaskMain)
    [Anonymous Symbol]                       0x0800198c   Section        0  main.o(.text.vTaskMain)
    [Anonymous Symbol]                       0x080019d8   Section        0  tasks.o(.text.vTaskMissedYield)
    [Anonymous Symbol]                       0x080019e8   Section        0  tasks.o(.text.vTaskPlaceOnEventList)
    [Anonymous Symbol]                       0x08001a0c   Section        0  tasks.o(.text.vTaskPlaceOnEventListRestricted)
    [Anonymous Symbol]                       0x08001a60   Section        0  tasks.o(.text.vTaskPlaceOnUnorderedEventList)
    [Anonymous Symbol]                       0x08001ab8   Section        0  tasks.o(.text.vTaskPriorityDisinheritAfterTimeout)
    [Anonymous Symbol]                       0x08001b50   Section        0  tasks.o(.text.vTaskRemoveFromUnorderedEventList)
    [Anonymous Symbol]                       0x08001c1c   Section        0  tasks.o(.text.vTaskStartScheduler)
    [Anonymous Symbol]                       0x08001c7c   Section        0  tasks.o(.text.vTaskSuspendAll)
    __tagsym$$used.0                         0x08001c8c   Number         0  tasks.o(.text.vTaskSwitchContext)
    [Anonymous Symbol]                       0x08001c8c   Section        0  tasks.o(.text.vTaskSwitchContext)
    [Anonymous Symbol]                       0x08001d5c   Section        0  event_groups.o(.text.xEventGroupCreate)
    [Anonymous Symbol]                       0x08001d78   Section        0  event_groups.o(.text.xEventGroupSetBits)
    [Anonymous Symbol]                       0x08001e08   Section        0  event_groups.o(.text.xEventGroupWaitBits)
    [Anonymous Symbol]                       0x08001edc   Section        0  port.o(.text.xPortStartScheduler)
    [Anonymous Symbol]                       0x08001fc8   Section        0  port.o(.text.xPortSysTickHandler)
    [Anonymous Symbol]                       0x08001ff8   Section        0  queue.o(.text.xQueueCreateMutex)
    [Anonymous Symbol]                       0x08002010   Section        0  queue.o(.text.xQueueCreateMutexStatic)
    [Anonymous Symbol]                       0x08002034   Section        0  queue.o(.text.xQueueGenericCreate)
    [Anonymous Symbol]                       0x08002084   Section        0  queue.o(.text.xQueueGenericCreateStatic)
    [Anonymous Symbol]                       0x080020d0   Section        0  queue.o(.text.xQueueGenericReset)
    [Anonymous Symbol]                       0x0800216c   Section        0  queue.o(.text.xQueueGenericSend)
    [Anonymous Symbol]                       0x080022d4   Section        0  queue.o(.text.xQueueReceive)
    [Anonymous Symbol]                       0x0800241c   Section        0  queue.o(.text.xQueueSemaphoreTake)
    [Anonymous Symbol]                       0x08002598   Section        0  tasks.o(.text.xTaskCheckForTimeOut)
    [Anonymous Symbol]                       0x08002624   Section        0  tasks.o(.text.xTaskCreate)
    [Anonymous Symbol]                       0x08002648   Section        0  tasks.o(.text.xTaskCreateStatic)
    [Anonymous Symbol]                       0x08002674   Section        0  tasks.o(.text.xTaskGetSchedulerState)
    [Anonymous Symbol]                       0x0800269c   Section        0  tasks.o(.text.xTaskGetTickCount)
    [Anonymous Symbol]                       0x080026a8   Section        0  tasks.o(.text.xTaskIncrementTick)
    [Anonymous Symbol]                       0x08002844   Section        0  tasks.o(.text.xTaskPriorityDisinherit)
    [Anonymous Symbol]                       0x080028cc   Section        0  tasks.o(.text.xTaskPriorityInherit)
    [Anonymous Symbol]                       0x08002974   Section        0  tasks.o(.text.xTaskRemoveFromEventList)
    [Anonymous Symbol]                       0x08002a58   Section        0  tasks.o(.text.xTaskResumeAll)
    [Anonymous Symbol]                       0x08002bbc   Section        0  timers.o(.text.xTimerCreateTimerTask)
    ADCPrescTable                            0x08002c2c   Data           4  stm32f10x_rcc_1.o(.rodata.ADCPrescTable)
    [Anonymous Symbol]                       0x08002c2c   Section        0  stm32f10x_rcc_1.o(.rodata.ADCPrescTable)
    APBAHBPrescTable                         0x08002c30   Data          16  stm32f10x_rcc_1.o(.rodata.APBAHBPrescTable)
    [Anonymous Symbol]                       0x08002c30   Section        0  stm32f10x_rcc_1.o(.rodata.APBAHBPrescTable)
    uxTopUsedPriority                        0x08002c40   Data           4  tasks.o(.rodata.uxTopUsedPriority)
    [Anonymous Symbol]                       0x08002c40   Section        0  tasks.o(.rodata.uxTopUsedPriority)
    uxCriticalNesting                        0x20000034   Data           4  port.o(.data.uxCriticalNesting)
    [Anonymous Symbol]                       0x20000034   Section        0  port.o(.data.uxCriticalNesting)
    .bss                                     0x20000038   Section       96  libspace.o(.bss)
    clib_mutex_cb                            0x20000098   Data         400  clib_os.o(.bss.clib_mutex_cb)
    [Anonymous Symbol]                       0x20000098   Section        0  clib_os.o(.bss.clib_mutex_cb)
    clib_mutex_id                            0x20000228   Data          20  clib_os.o(.bss.clib_mutex_id)
    [Anonymous Symbol]                       0x20000228   Section        0  clib_os.o(.bss.clib_mutex_id)
    prvCheckForValidListAndQueue.ucStaticTimerQueueStorage 0x2000023c   Data          80  timers.o(.bss.prvCheckForValidListAndQueue.ucStaticTimerQueueStorage)
    [Anonymous Symbol]                       0x2000023c   Section        0  timers.o(.bss.prvCheckForValidListAndQueue.ucStaticTimerQueueStorage)
    prvCheckForValidListAndQueue.xStaticTimerQueue 0x2000028c   Data          80  timers.o(.bss.prvCheckForValidListAndQueue.xStaticTimerQueue)
    [Anonymous Symbol]                       0x2000028c   Section        0  timers.o(.bss.prvCheckForValidListAndQueue.xStaticTimerQueue)
    prvSampleTimeNow.xLastTime               0x200002dc   Data           4  timers.o(.bss.prvSampleTimeNow.xLastTime)
    [Anonymous Symbol]                       0x200002dc   Section        0  timers.o(.bss.prvSampleTimeNow.xLastTime)
    __tagsym$$used.1                         0x200002e0   Number         0  tasks.o(.bss.pxCurrentTCB)
    pxCurrentTimerList                       0x200002e4   Data           4  timers.o(.bss.pxCurrentTimerList)
    [Anonymous Symbol]                       0x200002e4   Section        0  timers.o(.bss.pxCurrentTimerList)
    pxDelayedTaskList                        0x200002e8   Data           4  tasks.o(.bss.pxDelayedTaskList)
    [Anonymous Symbol]                       0x200002e8   Section        0  tasks.o(.bss.pxDelayedTaskList)
    pxEnd                                    0x200002ec   Data           4  heap_4.o(.bss.pxEnd)
    [Anonymous Symbol]                       0x200002ec   Section        0  heap_4.o(.bss.pxEnd)
    pxOverflowDelayedTaskList                0x200002f0   Data           4  tasks.o(.bss.pxOverflowDelayedTaskList)
    [Anonymous Symbol]                       0x200002f0   Section        0  tasks.o(.bss.pxOverflowDelayedTaskList)
    pxOverflowTimerList                      0x200002f4   Data           4  timers.o(.bss.pxOverflowTimerList)
    [Anonymous Symbol]                       0x200002f4   Section        0  timers.o(.bss.pxOverflowTimerList)
    pxReadyTasksLists                        0x200002f8   Data        1120  tasks.o(.bss.pxReadyTasksLists)
    [Anonymous Symbol]                       0x200002f8   Section        0  tasks.o(.bss.pxReadyTasksLists)
    ucHeap                                   0x20000758   Data        8192  heap_4.o(.bss.ucHeap)
    [Anonymous Symbol]                       0x20000758   Section        0  heap_4.o(.bss.ucHeap)
    ucMaxSysCallPriority                     0x20002758   Data           1  port.o(.bss.ucMaxSysCallPriority)
    [Anonymous Symbol]                       0x20002758   Section        0  port.o(.bss.ucMaxSysCallPriority)
    ulMaxPRIGROUPValue                       0x2000275c   Data           4  port.o(.bss.ulMaxPRIGROUPValue)
    [Anonymous Symbol]                       0x2000275c   Section        0  port.o(.bss.ulMaxPRIGROUPValue)
    uxCurrentNumberOfTasks                   0x20002760   Data           4  tasks.o(.bss.uxCurrentNumberOfTasks)
    [Anonymous Symbol]                       0x20002760   Section        0  tasks.o(.bss.uxCurrentNumberOfTasks)
    uxDeletedTasksWaitingCleanUp             0x20002764   Data           4  tasks.o(.bss.uxDeletedTasksWaitingCleanUp)
    [Anonymous Symbol]                       0x20002764   Section        0  tasks.o(.bss.uxDeletedTasksWaitingCleanUp)
    uxSchedulerSuspended                     0x20002768   Data           4  tasks.o(.bss.uxSchedulerSuspended)
    [Anonymous Symbol]                       0x20002768   Section        0  tasks.o(.bss.uxSchedulerSuspended)
    uxTaskNumber                             0x2000276c   Data           4  tasks.o(.bss.uxTaskNumber)
    [Anonymous Symbol]                       0x2000276c   Section        0  tasks.o(.bss.uxTaskNumber)
    uxTopReadyPriority                       0x20002770   Data           4  tasks.o(.bss.uxTopReadyPriority)
    [Anonymous Symbol]                       0x20002770   Section        0  tasks.o(.bss.uxTopReadyPriority)
    vApplicationGetIdleTaskMemory.uxIdleTaskStack 0x20002774   Data         512  tasks.o(.bss.vApplicationGetIdleTaskMemory.uxIdleTaskStack)
    [Anonymous Symbol]                       0x20002774   Section        0  tasks.o(.bss.vApplicationGetIdleTaskMemory.uxIdleTaskStack)
    vApplicationGetIdleTaskMemory.xIdleTaskTCB 0x20002974   Data          92  tasks.o(.bss.vApplicationGetIdleTaskMemory.xIdleTaskTCB)
    [Anonymous Symbol]                       0x20002974   Section        0  tasks.o(.bss.vApplicationGetIdleTaskMemory.xIdleTaskTCB)
    vApplicationGetTimerTaskMemory.uxTimerTaskStack 0x200029d0   Data         512  tasks.o(.bss.vApplicationGetTimerTaskMemory.uxTimerTaskStack)
    [Anonymous Symbol]                       0x200029d0   Section        0  tasks.o(.bss.vApplicationGetTimerTaskMemory.uxTimerTaskStack)
    vApplicationGetTimerTaskMemory.xTimerTaskTCB 0x20002bd0   Data          92  tasks.o(.bss.vApplicationGetTimerTaskMemory.xTimerTaskTCB)
    [Anonymous Symbol]                       0x20002bd0   Section        0  tasks.o(.bss.vApplicationGetTimerTaskMemory.xTimerTaskTCB)
    xActiveTimerList1                        0x20002c2c   Data          20  timers.o(.bss.xActiveTimerList1)
    [Anonymous Symbol]                       0x20002c2c   Section        0  timers.o(.bss.xActiveTimerList1)
    xActiveTimerList2                        0x20002c40   Data          20  timers.o(.bss.xActiveTimerList2)
    [Anonymous Symbol]                       0x20002c40   Section        0  timers.o(.bss.xActiveTimerList2)
    xDelayedTaskList1                        0x20002c54   Data          20  tasks.o(.bss.xDelayedTaskList1)
    [Anonymous Symbol]                       0x20002c54   Section        0  tasks.o(.bss.xDelayedTaskList1)
    xDelayedTaskList2                        0x20002c68   Data          20  tasks.o(.bss.xDelayedTaskList2)
    [Anonymous Symbol]                       0x20002c68   Section        0  tasks.o(.bss.xDelayedTaskList2)
    xFreeBytesRemaining                      0x20002c80   Data           4  heap_4.o(.bss.xFreeBytesRemaining)
    [Anonymous Symbol]                       0x20002c80   Section        0  heap_4.o(.bss.xFreeBytesRemaining)
    xIdleTaskHandles.0                       0x20002c84   Data           4  tasks.o(.bss.xIdleTaskHandles.0)
    [Anonymous Symbol]                       0x20002c84   Section        0  tasks.o(.bss.xIdleTaskHandles.0)
    xMinimumEverFreeBytesRemaining           0x20002c88   Data           4  heap_4.o(.bss.xMinimumEverFreeBytesRemaining)
    [Anonymous Symbol]                       0x20002c88   Section        0  heap_4.o(.bss.xMinimumEverFreeBytesRemaining)
    xNextTaskUnblockTime                     0x20002c8c   Data           4  tasks.o(.bss.xNextTaskUnblockTime)
    [Anonymous Symbol]                       0x20002c8c   Section        0  tasks.o(.bss.xNextTaskUnblockTime)
    xNumOfOverflows                          0x20002c90   Data           4  tasks.o(.bss.xNumOfOverflows)
    [Anonymous Symbol]                       0x20002c90   Section        0  tasks.o(.bss.xNumOfOverflows)
    xNumberOfSuccessfulAllocations           0x20002c94   Data           4  heap_4.o(.bss.xNumberOfSuccessfulAllocations)
    [Anonymous Symbol]                       0x20002c94   Section        0  heap_4.o(.bss.xNumberOfSuccessfulAllocations)
    xNumberOfSuccessfulFrees                 0x20002c98   Data           4  heap_4.o(.bss.xNumberOfSuccessfulFrees)
    [Anonymous Symbol]                       0x20002c98   Section        0  heap_4.o(.bss.xNumberOfSuccessfulFrees)
    xPendedTicks                             0x20002c9c   Data           4  tasks.o(.bss.xPendedTicks)
    [Anonymous Symbol]                       0x20002c9c   Section        0  tasks.o(.bss.xPendedTicks)
    xPendingReadyList                        0x20002ca0   Data          20  tasks.o(.bss.xPendingReadyList)
    [Anonymous Symbol]                       0x20002ca0   Section        0  tasks.o(.bss.xPendingReadyList)
    xSchedulerRunning                        0x20002cb4   Data           4  tasks.o(.bss.xSchedulerRunning)
    [Anonymous Symbol]                       0x20002cb4   Section        0  tasks.o(.bss.xSchedulerRunning)
    xStart                                   0x20002cb8   Data           8  heap_4.o(.bss.xStart)
    [Anonymous Symbol]                       0x20002cb8   Section        0  heap_4.o(.bss.xStart)
    xSuspendedTaskList                       0x20002cc0   Data          20  tasks.o(.bss.xSuspendedTaskList)
    [Anonymous Symbol]                       0x20002cc0   Section        0  tasks.o(.bss.xSuspendedTaskList)
    xTasksWaitingTermination                 0x20002cd4   Data          20  tasks.o(.bss.xTasksWaitingTermination)
    [Anonymous Symbol]                       0x20002cd4   Section        0  tasks.o(.bss.xTasksWaitingTermination)
    xTickCount                               0x20002ce8   Data           4  tasks.o(.bss.xTickCount)
    [Anonymous Symbol]                       0x20002ce8   Section        0  tasks.o(.bss.xTickCount)
    xTimerQueue                              0x20002cec   Data           4  timers.o(.bss.xTimerQueue)
    [Anonymous Symbol]                       0x20002cec   Section        0  timers.o(.bss.xTimerQueue)
    xTimerTaskHandle                         0x20002cf0   Data           4  timers.o(.bss.xTimerTaskHandle)
    [Anonymous Symbol]                       0x20002cf0   Section        0  timers.o(.bss.xTimerTaskHandle)
    xYieldPendings                           0x20002cf4   Data           4  tasks.o(.bss.xYieldPendings)
    [Anonymous Symbol]                       0x20002cf4   Section        0  tasks.o(.bss.xYieldPendings)
    Heap_Mem                                 0x20002cf8   Data         512  startup_stm32f10x_md.o(HEAP)
    HEAP                                     0x20002cf8   Section      512  startup_stm32f10x_md.o(HEAP)
    Stack_Mem                                0x20002ef8   Data        1024  startup_stm32f10x_md.o(STACK)
    STACK                                    0x20002ef8   Section     1024  startup_stm32f10x_md.o(STACK)
    __initial_sp                             0x200032f8   Data           0  startup_stm32f10x_md.o(STACK)

    Global Symbols

    Symbol Name                              Value     Ov Type        Size  Object(Section)

    BuildAttributes$$THM_ISAv4$P$D$K$B$S$PE$A:L22UL41UL21$X:L11$S22US41US21$IEEE1$IW$~IW$USESV6$~STKCKD$USESV7$~SHL$OTIME$ROPI$EBA8$UX$STANDARDLIB$REQ8$PRES8$EABIv2 0x00000000   Number         0  anon$$obj.o ABSOLUTE
    __fp_init_empty                          0x00000000   Number         0  fpinit_empty.o ABSOLUTE
    __ARM_exceptions_init                     - Undefined Weak Reference
    __alloca_initialize                       - Undefined Weak Reference
    __arm_preinit_                            - Undefined Weak Reference
    __cpp_initialize__aeabi_                  - Undefined Weak Reference
    __cxa_finalize                            - Undefined Weak Reference
    __rt_locale                               - Undefined Weak Reference
    __sigvec_lookup                           - Undefined Weak Reference
    _atexit_init                              - Undefined Weak Reference
    _call_atexit_fns                          - Undefined Weak Reference
    _clock_init                               - Undefined Weak Reference
    _fp_trap_init                             - Undefined Weak Reference
    _fp_trap_shutdown                         - Undefined Weak Reference
    _get_lc_collate                           - Undefined Weak Reference
    _get_lc_ctype                             - Undefined Weak Reference
    _get_lc_monetary                          - Undefined Weak Reference
    _get_lc_numeric                           - Undefined Weak Reference
    _get_lc_time                              - Undefined Weak Reference
    _getenv_init                              - Undefined Weak Reference
    _handle_redirection                       - Undefined Weak Reference
    _init_alloc                               - Undefined Weak Reference
    _init_user_alloc                          - Undefined Weak Reference
    _initio                                   - Undefined Weak Reference
    _rand_init                                - Undefined Weak Reference
    _signal_finish                            - Undefined Weak Reference
    _signal_init                              - Undefined Weak Reference
    _terminate_alloc                          - Undefined Weak Reference
    _terminate_user_alloc                     - Undefined Weak Reference
    _terminateio                              - Undefined Weak Reference
    __Vectors_Size                           0x000000ec   Number         0  startup_stm32f10x_md.o ABSOLUTE
    __Vectors                                0x08000000   Data           4  startup_stm32f10x_md.o(RESET)
    __Vectors_End                            0x080000ec   Data           0  startup_stm32f10x_md.o(RESET)
    __main                                   0x080000ed   Thumb Code     8  __main.o(!!!main)
    __scatterload                            0x080000f5   Thumb Code     0  __scatter.o(!!!scatter)
    __scatterload_rt2                        0x080000f5   Thumb Code    44  __scatter.o(!!!scatter)
    __scatterload_rt2_thumb_only             0x080000f5   Thumb Code     0  __scatter.o(!!!scatter)
    __scatterload_null                       0x08000103   Thumb Code     0  __scatter.o(!!!scatter)
    __scatterload_copy                       0x08000129   Thumb Code    26  __scatter_copy.o(!!handler_copy)
    __scatterload_zeroinit                   0x08000145   Thumb Code    28  __scatter_zi.o(!!handler_zi)
    __rt_lib_init                            0x08000161   Thumb Code     0  libinit.o(.ARM.Collect$$libinit$$00000000)
    __rt_lib_init_alloca_1                   0x08000163   Thumb Code     0  libinit2.o(.ARM.Collect$$libinit$$0000002E)
    __rt_lib_init_argv_1                     0x08000163   Thumb Code     0  libinit2.o(.ARM.Collect$$libinit$$0000002C)
    __rt_lib_init_atexit_1                   0x08000163   Thumb Code     0  libinit2.o(.ARM.Collect$$libinit$$0000001B)
    __rt_lib_init_clock_1                    0x08000163   Thumb Code     0  libinit2.o(.ARM.Collect$$libinit$$00000021)
    __rt_lib_init_cpp_1                      0x08000163   Thumb Code     0  libinit2.o(.ARM.Collect$$libinit$$00000032)
    __rt_lib_init_exceptions_1               0x08000163   Thumb Code     0  libinit2.o(.ARM.Collect$$libinit$$00000030)
    __rt_lib_init_fp_1                       0x08000163   Thumb Code     0  libinit2.o(.ARM.Collect$$libinit$$00000002)
    __rt_lib_init_fp_trap_1                  0x08000163   Thumb Code     0  libinit2.o(.ARM.Collect$$libinit$$0000001F)
    __rt_lib_init_getenv_1                   0x08000163   Thumb Code     0  libinit2.o(.ARM.Collect$$libinit$$00000023)
    __rt_lib_init_heap_1                     0x08000163   Thumb Code     0  libinit2.o(.ARM.Collect$$libinit$$0000000A)
    __rt_lib_init_lc_collate_1               0x08000163   Thumb Code     0  libinit2.o(.ARM.Collect$$libinit$$00000011)
    __rt_lib_init_lc_ctype_1                 0x08000163   Thumb Code     0  libinit2.o(.ARM.Collect$$libinit$$00000013)
    __rt_lib_init_lc_monetary_1              0x08000163   Thumb Code     0  libinit2.o(.ARM.Collect$$libinit$$00000015)
    __rt_lib_init_lc_numeric_1               0x08000163   Thumb Code     0  libinit2.o(.ARM.Collect$$libinit$$00000017)
    __rt_lib_init_lc_time_1                  0x08000163   Thumb Code     0  libinit2.o(.ARM.Collect$$libinit$$00000019)
    __rt_lib_init_preinit_1                  0x08000163   Thumb Code     0  libinit2.o(.ARM.Collect$$libinit$$00000004)
    __rt_lib_init_rand_1                     0x08000163   Thumb Code     0  libinit2.o(.ARM.Collect$$libinit$$0000000E)
    __rt_lib_init_return                     0x08000163   Thumb Code     0  libinit2.o(.ARM.Collect$$libinit$$00000033)
    __rt_lib_init_signal_1                   0x08000163   Thumb Code     0  libinit2.o(.ARM.Collect$$libinit$$0000001D)
    __rt_lib_init_stdio_1                    0x08000163   Thumb Code     0  libinit2.o(.ARM.Collect$$libinit$$00000025)
    __rt_lib_init_user_alloc_1               0x08000163   Thumb Code     0  libinit2.o(.ARM.Collect$$libinit$$0000000C)
    __rt_lib_shutdown                        0x08000165   Thumb Code     0  libshutdown.o(.ARM.Collect$$libshutdown$$00000000)
    __rt_lib_shutdown_cpp_1                  0x08000167   Thumb Code     0  libshutdown2.o(.ARM.Collect$$libshutdown$$00000002)
    __rt_lib_shutdown_fp_trap_1              0x08000167   Thumb Code     0  libshutdown2.o(.ARM.Collect$$libshutdown$$00000007)
    __rt_lib_shutdown_heap_1                 0x08000167   Thumb Code     0  libshutdown2.o(.ARM.Collect$$libshutdown$$0000000F)
    __rt_lib_shutdown_return                 0x08000167   Thumb Code     0  libshutdown2.o(.ARM.Collect$$libshutdown$$00000010)
    __rt_lib_shutdown_signal_1               0x08000167   Thumb Code     0  libshutdown2.o(.ARM.Collect$$libshutdown$$0000000A)
    __rt_lib_shutdown_stdio_1                0x08000167   Thumb Code     0  libshutdown2.o(.ARM.Collect$$libshutdown$$00000004)
    __rt_lib_shutdown_user_alloc_1           0x08000167   Thumb Code     0  libshutdown2.o(.ARM.Collect$$libshutdown$$0000000C)
    __rt_entry                               0x08000169   Thumb Code     0  __rtentry.o(.ARM.Collect$$rtentry$$00000000)
    __rt_entry_presh_1                       0x08000169   Thumb Code     0  __rtentry2.o(.ARM.Collect$$rtentry$$00000002)
    __rt_entry_sh                            0x08000169   Thumb Code     0  __rtentry4.o(.ARM.Collect$$rtentry$$00000004)
    __rt_entry_postsh_1                      0x0800016f   Thumb Code     0  __rtentry2.o(.ARM.Collect$$rtentry$$00000008)
    __rt_entry_li                            0x08000177   Thumb Code     0  __rtentry2.o(.ARM.Collect$$rtentry$$0000000A)
    __rt_entry_main                          0x0800017b   Thumb Code     0  __rtentry2.o(.ARM.Collect$$rtentry$$0000000D)
    __rt_entry_postli_1                      0x0800017b   Thumb Code     0  __rtentry2.o(.ARM.Collect$$rtentry$$0000000C)
    __rt_exit                                0x08000183   Thumb Code     0  rtexit.o(.ARM.Collect$$rtexit$$00000000)
    __rt_exit_ls                             0x08000185   Thumb Code     0  rtexit2.o(.ARM.Collect$$rtexit$$00000003)
    __rt_exit_prels_1                        0x08000185   Thumb Code     0  rtexit2.o(.ARM.Collect$$rtexit$$00000002)
    __rt_exit_exit                           0x08000189   Thumb Code     0  rtexit2.o(.ARM.Collect$$rtexit$$00000004)
    Reset_Handler                            0x08000191   Thumb Code     8  startup_stm32f10x_md.o(.text)
    NMI_Handler                              0x08000199   Thumb Code     2  startup_stm32f10x_md.o(.text)
    HardFault_Handler                        0x0800019b   Thumb Code     2  startup_stm32f10x_md.o(.text)
    MemManage_Handler                        0x0800019d   Thumb Code     2  startup_stm32f10x_md.o(.text)
    BusFault_Handler                         0x0800019f   Thumb Code     2  startup_stm32f10x_md.o(.text)
    UsageFault_Handler                       0x080001a1   Thumb Code     2  startup_stm32f10x_md.o(.text)
    DebugMon_Handler                         0x080001a5   Thumb Code     2  startup_stm32f10x_md.o(.text)
    ADC1_2_IRQHandler                        0x080001ab   Thumb Code     0  startup_stm32f10x_md.o(.text)
    CAN1_RX1_IRQHandler                      0x080001ab   Thumb Code     0  startup_stm32f10x_md.o(.text)
    CAN1_SCE_IRQHandler                      0x080001ab   Thumb Code     0  startup_stm32f10x_md.o(.text)
    DMA1_Channel1_IRQHandler                 0x080001ab   Thumb Code     0  startup_stm32f10x_md.o(.text)
    DMA1_Channel2_IRQHandler                 0x080001ab   Thumb Code     0  startup_stm32f10x_md.o(.text)
    DMA1_Channel3_IRQHandler                 0x080001ab   Thumb Code     0  startup_stm32f10x_md.o(.text)
    DMA1_Channel4_IRQHandler                 0x080001ab   Thumb Code     0  startup_stm32f10x_md.o(.text)
    DMA1_Channel5_IRQHandler                 0x080001ab   Thumb Code     0  startup_stm32f10x_md.o(.text)
    DMA1_Channel6_IRQHandler                 0x080001ab   Thumb Code     0  startup_stm32f10x_md.o(.text)
    DMA1_Channel7_IRQHandler                 0x080001ab   Thumb Code     0  startup_stm32f10x_md.o(.text)
    EXTI0_IRQHandler                         0x080001ab   Thumb Code     0  startup_stm32f10x_md.o(.text)
    EXTI15_10_IRQHandler                     0x080001ab   Thumb Code     0  startup_stm32f10x_md.o(.text)
    EXTI1_IRQHandler                         0x080001ab   Thumb Code     0  startup_stm32f10x_md.o(.text)
    EXTI2_IRQHandler                         0x080001ab   Thumb Code     0  startup_stm32f10x_md.o(.text)
    EXTI3_IRQHandler                         0x080001ab   Thumb Code     0  startup_stm32f10x_md.o(.text)
    EXTI4_IRQHandler                         0x080001ab   Thumb Code     0  startup_stm32f10x_md.o(.text)
    EXTI9_5_IRQHandler                       0x080001ab   Thumb Code     0  startup_stm32f10x_md.o(.text)
    FLASH_IRQHandler                         0x080001ab   Thumb Code     0  startup_stm32f10x_md.o(.text)
    I2C1_ER_IRQHandler                       0x080001ab   Thumb Code     0  startup_stm32f10x_md.o(.text)
    I2C1_EV_IRQHandler                       0x080001ab   Thumb Code     0  startup_stm32f10x_md.o(.text)
    I2C2_ER_IRQHandler                       0x080001ab   Thumb Code     0  startup_stm32f10x_md.o(.text)
    I2C2_EV_IRQHandler                       0x080001ab   Thumb Code     0  startup_stm32f10x_md.o(.text)
    PVD_IRQHandler                           0x080001ab   Thumb Code     0  startup_stm32f10x_md.o(.text)
    RCC_IRQHandler                           0x080001ab   Thumb Code     0  startup_stm32f10x_md.o(.text)
    RTCAlarm_IRQHandler                      0x080001ab   Thumb Code     0  startup_stm32f10x_md.o(.text)
    RTC_IRQHandler                           0x080001ab   Thumb Code     0  startup_stm32f10x_md.o(.text)
    SPI1_IRQHandler                          0x080001ab   Thumb Code     0  startup_stm32f10x_md.o(.text)
    SPI2_IRQHandler                          0x080001ab   Thumb Code     0  startup_stm32f10x_md.o(.text)
    TAMPER_IRQHandler                        0x080001ab   Thumb Code     0  startup_stm32f10x_md.o(.text)
    TIM1_BRK_IRQHandler                      0x080001ab   Thumb Code     0  startup_stm32f10x_md.o(.text)
    TIM1_CC_IRQHandler                       0x080001ab   Thumb Code     0  startup_stm32f10x_md.o(.text)
    TIM1_TRG_COM_IRQHandler                  0x080001ab   Thumb Code     0  startup_stm32f10x_md.o(.text)
    TIM1_UP_IRQHandler                       0x080001ab   Thumb Code     0  startup_stm32f10x_md.o(.text)
    TIM2_IRQHandler                          0x080001ab   Thumb Code     0  startup_stm32f10x_md.o(.text)
    TIM3_IRQHandler                          0x080001ab   Thumb Code     0  startup_stm32f10x_md.o(.text)
    TIM4_IRQHandler                          0x080001ab   Thumb Code     0  startup_stm32f10x_md.o(.text)
    USART1_IRQHandler                        0x080001ab   Thumb Code     0  startup_stm32f10x_md.o(.text)
    USART2_IRQHandler                        0x080001ab   Thumb Code     0  startup_stm32f10x_md.o(.text)
    USART3_IRQHandler                        0x080001ab   Thumb Code     0  startup_stm32f10x_md.o(.text)
    USBWakeUp_IRQHandler                     0x080001ab   Thumb Code     0  startup_stm32f10x_md.o(.text)
    USB_HP_CAN1_TX_IRQHandler                0x080001ab   Thumb Code     0  startup_stm32f10x_md.o(.text)
    USB_LP_CAN1_RX0_IRQHandler               0x080001ab   Thumb Code     0  startup_stm32f10x_md.o(.text)
    WWDG_IRQHandler                          0x080001ab   Thumb Code     0  startup_stm32f10x_md.o(.text)
    __user_initial_stackheap                 0x080001ad   Thumb Code     0  startup_stm32f10x_md.o(.text)
    __aeabi_memcpy                           0x080001d1   Thumb Code     0  rt_memcpy_v6.o(.text)
    __rt_memcpy                              0x080001d1   Thumb Code   138  rt_memcpy_v6.o(.text)
    _memcpy_lastbytes                        0x08000237   Thumb Code     0  rt_memcpy_v6.o(.text)
    __aeabi_memset4                          0x0800025b   Thumb Code    16  aeabi_memset4.o(.text)
    __aeabi_memset8                          0x0800025b   Thumb Code     0  aeabi_memset4.o(.text)
    __aeabi_memclr                           0x0800026b   Thumb Code     0  rt_memclr.o(.text)
    __rt_memclr                              0x0800026b   Thumb Code    68  rt_memclr.o(.text)
    _memset                                  0x0800026f   Thumb Code     0  rt_memclr.o(.text)
    __use_two_region_memory                  0x080002af   Thumb Code     2  heapauxi.o(.text)
    __rt_heap_escrow$2region                 0x080002b1   Thumb Code     2  heapauxi.o(.text)
    __rt_heap_expand$2region                 0x080002b3   Thumb Code     2  heapauxi.o(.text)
    __aeabi_memcpy4                          0x080002b5   Thumb Code     0  rt_memcpy_w.o(.text)
    __aeabi_memcpy8                          0x080002b5   Thumb Code     0  rt_memcpy_w.o(.text)
    __rt_memcpy_w                            0x080002b5   Thumb Code   100  rt_memcpy_w.o(.text)
    _memcpy_lastbytes_aligned                0x080002fd   Thumb Code     0  rt_memcpy_w.o(.text)
    __aeabi_memclr4                          0x08000319   Thumb Code     0  rt_memclr_w.o(.text)
    __aeabi_memclr8                          0x08000319   Thumb Code     0  rt_memclr_w.o(.text)
    __rt_memclr_w                            0x08000319   Thumb Code    78  rt_memclr_w.o(.text)
    _memset_w                                0x0800031d   Thumb Code     0  rt_memclr_w.o(.text)
    __user_setup_stackheap                   0x08000367   Thumb Code    74  sys_stackheap_outer.o(.text)
    exit                                     0x080003b1   Thumb Code    18  exit.o(.text)
    __user_libspace                          0x080003c5   Thumb Code     8  libspace.o(.text)
    __user_perproc_libspace                  0x080003c5   Thumb Code     0  libspace.o(.text)
    _sys_exit                                0x080003cd   Thumb Code     8  sys_exit.o(.text)
    __I$use$semihosting                      0x080003d9   Thumb Code     0  use_no_semi.o(.text)
    __use_no_semihosting_swi                 0x080003d9   Thumb Code     2  use_no_semi.o(.text)
    __semihosting_library_function           0x080003db   Thumb Code     0  indicate_semi.o(.text)
    GPIO_Init                                0x08000411   Thumb Code   176  stm32f10x_gpio.o(.text.GPIO_Init)
    GPIO_ResetBits                           0x080004c1   Thumb Code     4  stm32f10x_gpio.o(.text.GPIO_ResetBits)
    GPIO_SetBits                             0x080004c5   Thumb Code     4  stm32f10x_gpio.o(.text.GPIO_SetBits)
    PendSV_Handler                           0x080004c9   Thumb Code    68  port.o(.text.PendSV_Handler)
    RCC_APB2PeriphClockCmd                   0x0800050d   Thumb Code    24  stm32f10x_rcc_1.o(.text.RCC_APB2PeriphClockCmd)
    RCC_GetClocksFreq                        0x08000525   Thumb Code   160  stm32f10x_rcc_1.o(.text.RCC_GetClocksFreq)
    SVC_Handler                              0x080005c5   Thumb Code    36  port.o(.text.SVC_Handler)
    SysTick_Handler                          0x080006b1   Thumb Code    26  cmsis_os2.o(.text.SysTick_Handler)
    SystemInit                               0x080006cd   Thumb Code    86  system_stm32f10x.o(.text.SystemInit)
    USART_Cmd                                0x08000775   Thumb Code    18  stm32f10x_usart.o(.text.USART_Cmd)
    USART_GetFlagStatus                      0x080007f5   Thumb Code    10  stm32f10x_usart.o(.text.USART_GetFlagStatus)
    USART_Init                               0x08000801   Thumb Code   178  stm32f10x_usart.o(.text.USART_Init)
    USART_SendData                           0x080008b5   Thumb Code     8  stm32f10x_usart.o(.text.USART_SendData)
    _mutex_acquire                           0x080008bd   Thumb Code    32  clib_os.o(.text._mutex_acquire)
    _mutex_free                              0x080008dd   Thumb Code    50  clib_os.o(.text._mutex_free)
    _mutex_initialize                        0x08000911   Thumb Code    88  clib_os.o(.text._mutex_initialize)
    _mutex_release                           0x08000969   Thumb Code    34  clib_os.o(.text._mutex_release)
    _platform_post_stackheap_init            0x0800098d   Thumb Code     2  clib_os.o(.text._platform_post_stackheap_init)
    main                                     0x0800099d   Thumb Code   112  main.o(.text.main)
    pvPortMalloc                             0x080014e9   Thumb Code   334  heap_4.o(.text.pvPortMalloc)
    pvTaskIncrementMutexHeldCount            0x08001639   Thumb Code    24  tasks.o(.text.pvTaskIncrementMutexHeldCount)
    pxPortInitialiseStack                    0x08001651   Thumb Code    32  port.o(.text.pxPortInitialiseStack)
    uxListRemove                             0x08001671   Thumb Code    38  list.o(.text.uxListRemove)
    uxTaskResetEventItemValue                0x08001699   Thumb Code    26  tasks.o(.text.uxTaskResetEventItemValue)
    vApplicationGetIdleTaskMemory            0x080016b5   Thumb Code    26  tasks.o(.text.vApplicationGetIdleTaskMemory)
    vApplicationGetTimerTaskMemory           0x080016d1   Thumb Code    26  tasks.o(.text.vApplicationGetTimerTaskMemory)
    vApplicationStackOverflowHook            0x080016ed   Thumb Code     4  cmsis_os2.o(.text.vApplicationStackOverflowHook)
    vListInitialise                          0x080016f1   Thumb Code    22  list.o(.text.vListInitialise)
    vListInitialiseItem                      0x08001709   Thumb Code     6  list.o(.text.vListInitialiseItem)
    vListInsert                              0x08001711   Thumb Code    58  list.o(.text.vListInsert)
    vPortEnterCritical                       0x0800174d   Thumb Code    54  port.o(.text.vPortEnterCritical)
    vPortExitCritical                        0x08001785   Thumb Code    32  port.o(.text.vPortExitCritical)
    vPortFree                                0x080017a5   Thumb Code   126  heap_4.o(.text.vPortFree)
    vPortSetupTimerInterrupt                 0x08001825   Thumb Code    52  port.o(.text.vPortSetupTimerInterrupt)
    vQueueDelete                             0x08001859   Thumb Code    20  queue.o(.text.vQueueDelete)
    vQueueWaitForMessageRestricted           0x0800186d   Thumb Code    68  queue.o(.text.vQueueWaitForMessageRestricted)
    vTaskDelay                               0x080018b1   Thumb Code    68  tasks.o(.text.vTaskDelay)
    vTaskInternalSetTimeOutState             0x08001971   Thumb Code    26  tasks.o(.text.vTaskInternalSetTimeOutState)
    vTaskMissedYield                         0x080019d9   Thumb Code    14  tasks.o(.text.vTaskMissedYield)
    vTaskPlaceOnEventList                    0x080019e9   Thumb Code    34  tasks.o(.text.vTaskPlaceOnEventList)
    vTaskPlaceOnEventListRestricted          0x08001a0d   Thumb Code    82  tasks.o(.text.vTaskPlaceOnEventListRestricted)
    vTaskPlaceOnUnorderedEventList           0x08001a61   Thumb Code    86  tasks.o(.text.vTaskPlaceOnUnorderedEventList)
    vTaskPriorityDisinheritAfterTimeout      0x08001ab9   Thumb Code   152  tasks.o(.text.vTaskPriorityDisinheritAfterTimeout)
    vTaskRemoveFromUnorderedEventList        0x08001b51   Thumb Code   204  tasks.o(.text.vTaskRemoveFromUnorderedEventList)
    vTaskStartScheduler                      0x08001c1d   Thumb Code    96  tasks.o(.text.vTaskStartScheduler)
    vTaskSuspendAll                          0x08001c7d   Thumb Code    16  tasks.o(.text.vTaskSuspendAll)
    vTaskSwitchContext                       0x08001c8d   Thumb Code   206  tasks.o(.text.vTaskSwitchContext)
    xEventGroupCreate                        0x08001d5d   Thumb Code    28  event_groups.o(.text.xEventGroupCreate)
    xEventGroupSetBits                       0x08001d79   Thumb Code   144  event_groups.o(.text.xEventGroupSetBits)
    xEventGroupWaitBits                      0x08001e09   Thumb Code   212  event_groups.o(.text.xEventGroupWaitBits)
    xPortStartScheduler                      0x08001edd   Thumb Code   236  port.o(.text.xPortStartScheduler)
    xPortSysTickHandler                      0x08001fc9   Thumb Code    46  port.o(.text.xPortSysTickHandler)
    xQueueCreateMutex                        0x08001ff9   Thumb Code    22  queue.o(.text.xQueueCreateMutex)
    xQueueCreateMutexStatic                  0x08002011   Thumb Code    34  queue.o(.text.xQueueCreateMutexStatic)
    xQueueGenericCreate                      0x08002035   Thumb Code    78  queue.o(.text.xQueueGenericCreate)
    xQueueGenericCreateStatic                0x08002085   Thumb Code    74  queue.o(.text.xQueueGenericCreateStatic)
    xQueueGenericReset                       0x080020d1   Thumb Code   154  queue.o(.text.xQueueGenericReset)
    xQueueGenericSend                        0x0800216d   Thumb Code   358  queue.o(.text.xQueueGenericSend)
    xQueueReceive                            0x080022d5   Thumb Code   328  queue.o(.text.xQueueReceive)
    xQueueSemaphoreTake                      0x0800241d   Thumb Code   378  queue.o(.text.xQueueSemaphoreTake)
    xTaskCheckForTimeOut                     0x08002599   Thumb Code   138  tasks.o(.text.xTaskCheckForTimeOut)
    xTaskCreate                              0x08002625   Thumb Code    36  tasks.o(.text.xTaskCreate)
    xTaskCreateStatic                        0x08002649   Thumb Code    42  tasks.o(.text.xTaskCreateStatic)
    xTaskGetSchedulerState                   0x08002675   Thumb Code    38  tasks.o(.text.xTaskGetSchedulerState)
    xTaskGetTickCount                        0x0800269d   Thumb Code    12  tasks.o(.text.xTaskGetTickCount)
    xTaskIncrementTick                       0x080026a9   Thumb Code   412  tasks.o(.text.xTaskIncrementTick)
    xTaskPriorityDisinherit                  0x08002845   Thumb Code   136  tasks.o(.text.xTaskPriorityDisinherit)
    xTaskPriorityInherit                     0x080028cd   Thumb Code   166  tasks.o(.text.xTaskPriorityInherit)
    xTaskRemoveFromEventList                 0x08002975   Thumb Code   228  tasks.o(.text.xTaskRemoveFromEventList)
    xTaskResumeAll                           0x08002a59   Thumb Code   356  tasks.o(.text.xTaskResumeAll)
    xTimerCreateTimerTask                    0x08002bbd   Thumb Code   112  timers.o(.text.xTimerCreateTimerTask)
    Region$$Table$$Base                      0x08002c44   Number         0  anon$$obj.o(Region$$Table)
    Region$$Table$$Limit                     0x08002c64   Number         0  anon$$obj.o(Region$$Table)
    SystemCoreClock                          0x20000000   Data           4  system_stm32f10x.o(.data.SystemCoreClock)
    taskList                                 0x20000004   Data          48  main.o(.data.taskList)
    __libspace_start                         0x20000038   Data          96  libspace.o(.bss)
    __temporary_stack_top$libspace           0x20000098   Data           0  libspace.o(.bss)
    pxCurrentTCB                             0x200002e0   Data           4  tasks.o(.bss.pxCurrentTCB)
    xEventGroup                              0x20002c7c   Data           4  main.o(.bss.xEventGroup)



==============================================================================

Memory Map of the image

  Image Entry point : 0x080000ed

  Load Region LR_IROM1 (Base: 0x08000000, Size: 0x00002ca0, Max: 0x00010000, ABSOLUTE)

    Execution Region ER_IROM1 (Exec base: 0x08000000, Load base: 0x08000000, Size: 0x00002c64, Max: 0x00010000, ABSOLUTE)

    Exec Addr    Load Addr    Size         Type   Attr      Idx    E Section Name        Object

    0x08000000   0x08000000   0x000000ec   Data   RO          455    RESET               startup_stm32f10x_md.o
    0x080000ec   0x080000ec   0x00000008   Code   RO          971  * !!!main             c_w.l(__main.o)
    0x080000f4   0x080000f4   0x00000034   Code   RO         1136    !!!scatter          c_w.l(__scatter.o)
    0x08000128   0x08000128   0x0000001a   Code   RO         1138    !!handler_copy      c_w.l(__scatter_copy.o)
    0x08000142   0x08000142   0x00000002   PAD
    0x08000144   0x08000144   0x0000001c   Code   RO         1140    !!handler_zi        c_w.l(__scatter_zi.o)
    0x08000160   0x08000160   0x00000002   Code   RO         1000    .ARM.Collect$$libinit$$00000000  c_w.l(libinit.o)
    0x08000162   0x08000162   0x00000000   Code   RO         1007    .ARM.Collect$$libinit$$00000002  c_w.l(libinit2.o)
    0x08000162   0x08000162   0x00000000   Code   RO         1009    .ARM.Collect$$libinit$$00000004  c_w.l(libinit2.o)
    0x08000162   0x08000162   0x00000000   Code   RO         1012    .ARM.Collect$$libinit$$0000000A  c_w.l(libinit2.o)
    0x08000162   0x08000162   0x00000000   Code   RO         1014    .ARM.Collect$$libinit$$0000000C  c_w.l(libinit2.o)
    0x08000162   0x08000162   0x00000000   Code   RO         1016    .ARM.Collect$$libinit$$0000000E  c_w.l(libinit2.o)
    0x08000162   0x08000162   0x00000000   Code   RO         1019    .ARM.Collect$$libinit$$00000011  c_w.l(libinit2.o)
    0x08000162   0x08000162   0x00000000   Code   RO         1021    .ARM.Collect$$libinit$$00000013  c_w.l(libinit2.o)
    0x08000162   0x08000162   0x00000000   Code   RO         1023    .ARM.Collect$$libinit$$00000015  c_w.l(libinit2.o)
    0x08000162   0x08000162   0x00000000   Code   RO         1025    .ARM.Collect$$libinit$$00000017  c_w.l(libinit2.o)
    0x08000162   0x08000162   0x00000000   Code   RO         1027    .ARM.Collect$$libinit$$00000019  c_w.l(libinit2.o)
    0x08000162   0x08000162   0x00000000   Code   RO         1029    .ARM.Collect$$libinit$$0000001B  c_w.l(libinit2.o)
    0x08000162   0x08000162   0x00000000   Code   RO         1031    .ARM.Collect$$libinit$$0000001D  c_w.l(libinit2.o)
    0x08000162   0x08000162   0x00000000   Code   RO         1033    .ARM.Collect$$libinit$$0000001F  c_w.l(libinit2.o)
    0x08000162   0x08000162   0x00000000   Code   RO         1035    .ARM.Collect$$libinit$$00000021  c_w.l(libinit2.o)
    0x08000162   0x08000162   0x00000000   Code   RO         1037    .ARM.Collect$$libinit$$00000023  c_w.l(libinit2.o)
    0x08000162   0x08000162   0x00000000   Code   RO         1039    .ARM.Collect$$libinit$$00000025  c_w.l(libinit2.o)
    0x08000162   0x08000162   0x00000000   Code   RO         1043    .ARM.Collect$$libinit$$0000002C  c_w.l(libinit2.o)
    0x08000162   0x08000162   0x00000000   Code   RO         1045    .ARM.Collect$$libinit$$0000002E  c_w.l(libinit2.o)
    0x08000162   0x08000162   0x00000000   Code   RO         1047    .ARM.Collect$$libinit$$00000030  c_w.l(libinit2.o)
    0x08000162   0x08000162   0x00000000   Code   RO         1049    .ARM.Collect$$libinit$$00000032  c_w.l(libinit2.o)
    0x08000162   0x08000162   0x00000002   Code   RO         1050    .ARM.Collect$$libinit$$00000033  c_w.l(libinit2.o)
    0x08000164   0x08000164   0x00000002   Code   RO         1072    .ARM.Collect$$libshutdown$$00000000  c_w.l(libshutdown.o)
    0x08000166   0x08000166   0x00000000   Code   RO         1087    .ARM.Collect$$libshutdown$$00000002  c_w.l(libshutdown2.o)
    0x08000166   0x08000166   0x00000000   Code   RO         1089    .ARM.Collect$$libshutdown$$00000004  c_w.l(libshutdown2.o)
    0x08000166   0x08000166   0x00000000   Code   RO         1092    .ARM.Collect$$libshutdown$$00000007  c_w.l(libshutdown2.o)
    0x08000166   0x08000166   0x00000000   Code   RO         1095    .ARM.Collect$$libshutdown$$0000000A  c_w.l(libshutdown2.o)
    0x08000166   0x08000166   0x00000000   Code   RO         1097    .ARM.Collect$$libshutdown$$0000000C  c_w.l(libshutdown2.o)
    0x08000166   0x08000166   0x00000000   Code   RO         1100    .ARM.Collect$$libshutdown$$0000000F  c_w.l(libshutdown2.o)
    0x08000166   0x08000166   0x00000002   Code   RO         1101    .ARM.Collect$$libshutdown$$00000010  c_w.l(libshutdown2.o)
    0x08000168   0x08000168   0x00000000   Code   RO          973    .ARM.Collect$$rtentry$$00000000  c_w.l(__rtentry.o)
    0x08000168   0x08000168   0x00000000   Code   RO          979    .ARM.Collect$$rtentry$$00000002  c_w.l(__rtentry2.o)
    0x08000168   0x08000168   0x00000006   Code   RO          991    .ARM.Collect$$rtentry$$00000004  c_w.l(__rtentry4.o)
    0x0800016e   0x0800016e   0x00000008   Code   RO          980    .ARM.Collect$$rtentry$$00000008  c_w.l(__rtentry2.o)
    0x08000176   0x08000176   0x00000004   Code   RO          982    .ARM.Collect$$rtentry$$0000000A  c_w.l(__rtentry2.o)
    0x0800017a   0x0800017a   0x00000000   Code   RO          984    .ARM.Collect$$rtentry$$0000000C  c_w.l(__rtentry2.o)
    0x0800017a   0x0800017a   0x00000008   Code   RO          985    .ARM.Collect$$rtentry$$0000000D  c_w.l(__rtentry2.o)
    0x08000182   0x08000182   0x00000002   Code   RO         1004    .ARM.Collect$$rtexit$$00000000  c_w.l(rtexit.o)
    0x08000184   0x08000184   0x00000000   Code   RO         1052    .ARM.Collect$$rtexit$$00000002  c_w.l(rtexit2.o)
    0x08000184   0x08000184   0x00000004   Code   RO         1053    .ARM.Collect$$rtexit$$00000003  c_w.l(rtexit2.o)
    0x08000188   0x08000188   0x00000006   Code   RO         1054    .ARM.Collect$$rtexit$$00000004  c_w.l(rtexit2.o)
    0x0800018e   0x0800018e   0x00000002   PAD
    0x08000190   0x08000190   0x00000040   Code   RO          456    .text               startup_stm32f10x_md.o
    0x080001d0   0x080001d0   0x0000008a   Code   RO          963    .text               c_w.l(rt_memcpy_v6.o)
    0x0800025a   0x0800025a   0x00000010   Code   RO          965    .text               c_w.l(aeabi_memset4.o)
    0x0800026a   0x0800026a   0x00000044   Code   RO          967    .text               c_w.l(rt_memclr.o)
    0x080002ae   0x080002ae   0x00000006   Code   RO          969    .text               c_w.l(heapauxi.o)
    0x080002b4   0x080002b4   0x00000064   Code   RO          974    .text               c_w.l(rt_memcpy_w.o)
    0x08000318   0x08000318   0x0000004e   Code   RO          976    .text               c_w.l(rt_memclr_w.o)
    0x08000366   0x08000366   0x0000004a   Code   RO          993    .text               c_w.l(sys_stackheap_outer.o)
    0x080003b0   0x080003b0   0x00000012   Code   RO          995    .text               c_w.l(exit.o)
    0x080003c2   0x080003c2   0x00000002   PAD
    0x080003c4   0x080003c4   0x00000008   Code   RO         1001    .text               c_w.l(libspace.o)
    0x080003cc   0x080003cc   0x0000000c   Code   RO         1062    .text               c_w.l(sys_exit.o)
    0x080003d8   0x080003d8   0x00000002   Code   RO         1077    .text               c_w.l(use_no_semi.o)
    0x080003da   0x080003da   0x00000000   Code   RO         1079    .text               c_w.l(indicate_semi.o)
    0x080003da   0x080003da   0x00000002   PAD
    0x080003dc   0x080003dc   0x00000034   Code   RO           14    .text.GPIO_Config   main.o
    0x08000410   0x08000410   0x000000b0   Code   RO           53    .text.GPIO_Init     stm32f10x_gpio.o
    0x080004c0   0x080004c0   0x00000004   Code   RO           67    .text.GPIO_ResetBits  stm32f10x_gpio.o
    0x080004c4   0x080004c4   0x00000004   Code   RO           65    .text.GPIO_SetBits  stm32f10x_gpio.o
    0x080004c8   0x080004c8   0x00000044   Code   RO          548    .text.PendSV_Handler  port.o
    0x0800050c   0x0800050c   0x00000018   Code   RO          137    .text.RCC_APB2PeriphClockCmd  stm32f10x_rcc_1.o
    0x08000524   0x08000524   0x000000a0   Code   RO          133    .text.RCC_GetClocksFreq  stm32f10x_rcc_1.o
    0x080005c4   0x080005c4   0x00000024   Code   RO          544    .text.SVC_Handler   port.o
    0x080005e8   0x080005e8   0x00000008   Code   RO          465    .text.SetSysClock   system_stm32f10x.o
    0x080005f0   0x080005f0   0x000000be   Code   RO          469    .text.SetSysClockTo72  system_stm32f10x.o
    0x080006ae   0x080006ae   0x00000002   PAD
    0x080006b0   0x080006b0   0x0000001a   Code   RO          261    .text.SysTick_Handler  cmsis_os2.o
    0x080006ca   0x080006ca   0x00000002   PAD
    0x080006cc   0x080006cc   0x00000056   Code   RO          463    .text.SystemInit    system_stm32f10x.o
    0x08000722   0x08000722   0x00000002   PAD
    0x08000724   0x08000724   0x00000010   Code   RO            4    .text.System_Config  main.o
    0x08000734   0x08000734   0x00000022   Code   RO           12    .text.UART_SendChar  main.o
    0x08000756   0x08000756   0x00000002   PAD
    0x08000758   0x08000758   0x0000001c   Code   RO           10    .text.UART_SendStr  main.o
    0x08000774   0x08000774   0x00000012   Code   RO          177    .text.USART_Cmd     stm32f10x_usart.o
    0x08000786   0x08000786   0x00000002   PAD
    0x08000788   0x08000788   0x0000006c   Code   RO           16    .text.USART_Config  main.o
    0x080007f4   0x080007f4   0x0000000a   Code   RO          217    .text.USART_GetFlagStatus  stm32f10x_usart.o
    0x080007fe   0x080007fe   0x00000002   PAD
    0x08000800   0x08000800   0x000000b2   Code   RO          169    .text.USART_Init    stm32f10x_usart.o
    0x080008b2   0x080008b2   0x00000002   PAD
    0x080008b4   0x080008b4   0x00000008   Code   RO          193    .text.USART_SendData  stm32f10x_usart.o
    0x080008bc   0x080008bc   0x00000020   Code   RO          241    .text._mutex_acquire  clib_os.o
    0x080008dc   0x080008dc   0x00000032   Code   RO          247    .text._mutex_free   clib_os.o
    0x0800090e   0x0800090e   0x00000002   PAD
    0x08000910   0x08000910   0x00000058   Code   RO          239    .text._mutex_initialize  clib_os.o
    0x08000968   0x08000968   0x00000022   Code   RO          245    .text._mutex_release  clib_os.o
    0x0800098a   0x0800098a   0x00000002   PAD
    0x0800098c   0x0800098c   0x00000002   Code   RO          233    .text._platform_post_stackheap_init  clib_os.o
    0x0800098e   0x0800098e   0x00000002   PAD
    0x08000990   0x08000990   0x0000000c   Code   RO          243    .text.is_thread_mode  clib_os.o
    0x0800099c   0x0800099c   0x00000070   Code   RO            2    .text.main          main.o
    0x08000a0c   0x08000a0c   0x00000010   Code   RO          237    .text.os_kernel_is_active  clib_os.o
    0x08000a1c   0x08000a1c   0x000000b2   Code   RO          720    .text.prvAddCurrentTaskToDelayedList  tasks.o
    0x08000ace   0x08000ace   0x00000002   PAD
    0x08000ad0   0x08000ad0   0x000000cc   Code   RO          704    .text.prvAddNewTaskToReadyList  tasks.o
    0x08000b9c   0x08000b9c   0x0000006a   Code   RO          883    .text.prvCheckForValidListAndQueue  timers.o
    0x08000c06   0x08000c06   0x00000002   PAD
    0x08000c08   0x08000c08   0x0000004e   Code   RO          754    .text.prvCheckTasksWaitingTermination  tasks.o
    0x08000c56   0x08000c56   0x00000002   PAD
    0x08000c58   0x08000c58   0x00000026   Code   RO          656    .text.prvCopyDataFromQueue  queue.o
    0x08000c7e   0x08000c7e   0x00000002   PAD
    0x08000c80   0x08000c80   0x0000007a   Code   RO          644    .text.prvCopyDataToQueue  queue.o
    0x08000cfa   0x08000cfa   0x00000002   PAD
    0x08000cfc   0x08000cfc   0x0000006c   Code   RO          750    .text.prvCreateIdleTasks  tasks.o
    0x08000d68   0x08000d68   0x00000072   Code   RO          702    .text.prvCreateStaticTask  tasks.o
    0x08000dda   0x08000dda   0x00000002   PAD
    0x08000ddc   0x08000ddc   0x0000005c   Code   RO          708    .text.prvCreateTask  tasks.o
    0x08000e38   0x08000e38   0x00000026   Code   RO          714    .text.prvDeleteTCB  tasks.o
    0x08000e5e   0x08000e5e   0x00000002   PAD
    0x08000e60   0x08000e60   0x00000012   Code   RO          660    .text.prvGetHighestPriorityOfWaitToReceiveList  queue.o
    0x08000e72   0x08000e72   0x00000002   PAD
    0x08000e74   0x08000e74   0x00000020   Code   RO          929    .text.prvGetNextExpireTime  timers.o
    0x08000e94   0x08000e94   0x0000006a   Code   RO          577    .text.prvHeapInit   heap_4.o
    0x08000efe   0x08000efe   0x00000002   PAD
    0x08000f00   0x08000f00   0x0000002a   Code   RO          844    .text.prvIdleTask   tasks.o
    0x08000f2a   0x08000f2a   0x00000002   PAD
    0x08000f2c   0x08000f2c   0x00000020   Code   RO          624    .text.prvInitialiseMutex  queue.o
    0x08000f4c   0x08000f4c   0x00000020   Code   RO          616    .text.prvInitialiseNewQueue  queue.o
    0x08000f6c   0x08000f6c   0x0000008c   Code   RO          840    .text.prvInitialiseNewTask  tasks.o
    0x08000ff8   0x08000ff8   0x00000070   Code   RO          842    .text.prvInitialiseTaskLists  tasks.o
    0x08001068   0x08001068   0x00000078   Code   RO          581    .text.prvInsertBlockIntoFreeList  heap_4.o
    0x080010e0   0x080010e0   0x00000040   Code   RO          943    .text.prvInsertTimerInActiveList  timers.o
    0x08001120   0x08001120   0x00000018   Code   RO          658    .text.prvIsQueueEmpty  queue.o
    0x08001138   0x08001138   0x0000001c   Code   RO          646    .text.prvIsQueueFull  queue.o
    0x08001154   0x08001154   0x00000020   Code   RO          552    .text.prvPortStartFirstTask  port.o
    0x08001174   0x08001174   0x0000003e   Code   RO          937    .text.prvProcessExpiredTimer  timers.o
    0x080011b2   0x080011b2   0x00000002   PAD
    0x080011b4   0x080011b4   0x00000118   Code   RO          933    .text.prvProcessReceivedCommands  timers.o
    0x080012cc   0x080012cc   0x00000080   Code   RO          931    .text.prvProcessTimerOrBlockTask  timers.o
    0x0800134c   0x0800134c   0x0000003a   Code   RO          941    .text.prvReloadTimer  timers.o
    0x08001386   0x08001386   0x00000002   PAD
    0x08001388   0x08001388   0x00000026   Code   RO          712    .text.prvResetNextTaskUnblockTime  tasks.o
    0x080013ae   0x080013ae   0x00000002   PAD
    0x080013b0   0x080013b0   0x0000002a   Code   RO          935    .text.prvSampleTimeNow  timers.o
    0x080013da   0x080013da   0x00000002   PAD
    0x080013dc   0x080013dc   0x00000034   Code   RO          939    .text.prvSwitchTimerLists  timers.o
    0x08001410   0x08001410   0x00000032   Code   RO          542    .text.prvTaskExitError  port.o
    0x08001442   0x08001442   0x00000002   PAD
    0x08001444   0x08001444   0x00000018   Code   RO          492    .text.prvTestWaitCondition  event_groups.o
    0x0800145c   0x0800145c   0x00000016   Code   RO          885    .text.prvTimerTask  timers.o
    0x08001472   0x08001472   0x00000002   PAD
    0x08001474   0x08001474   0x00000072   Code   RO          648    .text.prvUnlockQueue  queue.o
    0x080014e6   0x080014e6   0x00000002   PAD
    0x080014e8   0x080014e8   0x0000014e   Code   RO          575    .text.pvPortMalloc  heap_4.o
    0x08001636   0x08001636   0x00000002   PAD
    0x08001638   0x08001638   0x00000018   Code   RO          818    .text.pvTaskIncrementMutexHeldCount  tasks.o
    0x08001650   0x08001650   0x00000020   Code   RO          540    .text.pxPortInitialiseStack  port.o
    0x08001670   0x08001670   0x00000026   Code   RO          530    .text.uxListRemove  list.o
    0x08001696   0x08001696   0x00000002   PAD
    0x08001698   0x08001698   0x0000001a   Code   RO          816    .text.uxTaskResetEventItemValue  tasks.o
    0x080016b2   0x080016b2   0x00000002   PAD
    0x080016b4   0x080016b4   0x0000001a   Code   RO          834    .text.vApplicationGetIdleTaskMemory  tasks.o
    0x080016ce   0x080016ce   0x00000002   PAD
    0x080016d0   0x080016d0   0x0000001a   Code   RO          836    .text.vApplicationGetTimerTaskMemory  tasks.o
    0x080016ea   0x080016ea   0x00000002   PAD
    0x080016ec   0x080016ec   0x00000004   Code   RO          415    .text.vApplicationStackOverflowHook  cmsis_os2.o
    0x080016f0   0x080016f0   0x00000016   Code   RO          522    .text.vListInitialise  list.o
    0x08001706   0x08001706   0x00000002   PAD
    0x08001708   0x08001708   0x00000006   Code   RO          524    .text.vListInitialiseItem  list.o
    0x0800170e   0x0800170e   0x00000002   PAD
    0x08001710   0x08001710   0x0000003a   Code   RO          528    .text.vListInsert   list.o
    0x0800174a   0x0800174a   0x00000002   PAD
    0x0800174c   0x0800174c   0x00000036   Code   RO          556    .text.vPortEnterCritical  port.o
    0x08001782   0x08001782   0x00000002   PAD
    0x08001784   0x08001784   0x00000020   Code   RO          558    .text.vPortExitCritical  port.o
    0x080017a4   0x080017a4   0x0000007e   Code   RO          579    .text.vPortFree     heap_4.o
    0x08001822   0x08001822   0x00000002   PAD
    0x08001824   0x08001824   0x00000034   Code   RO          550    .text.vPortSetupTimerInterrupt  port.o
    0x08001858   0x08001858   0x00000014   Code   RO          674    .text.vQueueDelete  queue.o
    0x0800186c   0x0800186c   0x00000044   Code   RO          690    .text.vQueueWaitForMessageRestricted  queue.o
    0x080018b0   0x080018b0   0x00000044   Code   RO          724    .text.vTaskDelay    tasks.o
    0x080018f4   0x080018f4   0x0000007c   Code   RO            8    .text.vTaskHandler  main.o
    0x08001970   0x08001970   0x0000001a   Code   RO          788    .text.vTaskInternalSetTimeOutState  tasks.o
    0x0800198a   0x0800198a   0x00000002   PAD
    0x0800198c   0x0800198c   0x0000004a   Code   RO            6    .text.vTaskMain     main.o
    0x080019d6   0x080019d6   0x00000002   PAD
    0x080019d8   0x080019d8   0x0000000e   Code   RO          792    .text.vTaskMissedYield  tasks.o
    0x080019e6   0x080019e6   0x00000002   PAD
    0x080019e8   0x080019e8   0x00000022   Code   RO          776    .text.vTaskPlaceOnEventList  tasks.o
    0x08001a0a   0x08001a0a   0x00000002   PAD
    0x08001a0c   0x08001a0c   0x00000052   Code   RO          780    .text.vTaskPlaceOnEventListRestricted  tasks.o
    0x08001a5e   0x08001a5e   0x00000002   PAD
    0x08001a60   0x08001a60   0x00000056   Code   RO          778    .text.vTaskPlaceOnUnorderedEventList  tasks.o
    0x08001ab6   0x08001ab6   0x00000002   PAD
    0x08001ab8   0x08001ab8   0x00000098   Code   RO          814    .text.vTaskPriorityDisinheritAfterTimeout  tasks.o
    0x08001b50   0x08001b50   0x000000cc   Code   RO          784    .text.vTaskRemoveFromUnorderedEventList  tasks.o
    0x08001c1c   0x08001c1c   0x00000060   Code   RO          748    .text.vTaskStartScheduler  tasks.o
    0x08001c7c   0x08001c7c   0x00000010   Code   RO          718    .text.vTaskSuspendAll  tasks.o
    0x08001c8c   0x08001c8c   0x000000ce   Code   RO          740    .text.vTaskSwitchContext  tasks.o
    0x08001d5a   0x08001d5a   0x00000002   PAD
    0x08001d5c   0x08001d5c   0x0000001c   Code   RO          484    .text.xEventGroupCreate  event_groups.o
    0x08001d78   0x08001d78   0x00000090   Code   RO          488    .text.xEventGroupSetBits  event_groups.o
    0x08001e08   0x08001e08   0x000000d4   Code   RO          490    .text.xEventGroupWaitBits  event_groups.o
    0x08001edc   0x08001edc   0x000000ec   Code   RO          546    .text.xPortStartScheduler  port.o
    0x08001fc8   0x08001fc8   0x0000002e   Code   RO          560    .text.xPortSysTickHandler  port.o
    0x08001ff6   0x08001ff6   0x00000002   PAD
    0x08001ff8   0x08001ff8   0x00000016   Code   RO          622    .text.xQueueCreateMutex  queue.o
    0x0800200e   0x0800200e   0x00000002   PAD
    0x08002010   0x08002010   0x00000022   Code   RO          626    .text.xQueueCreateMutexStatic  queue.o
    0x08002032   0x08002032   0x00000002   PAD
    0x08002034   0x08002034   0x0000004e   Code   RO          620    .text.xQueueGenericCreate  queue.o
    0x08002082   0x08002082   0x00000002   PAD
    0x08002084   0x08002084   0x0000004a   Code   RO          614    .text.xQueueGenericCreateStatic  queue.o
    0x080020ce   0x080020ce   0x00000002   PAD
    0x080020d0   0x080020d0   0x0000009a   Code   RO          612    .text.xQueueGenericReset  queue.o
    0x0800216a   0x0800216a   0x00000002   PAD
    0x0800216c   0x0800216c   0x00000166   Code   RO          634    .text.xQueueGenericSend  queue.o
    0x080022d2   0x080022d2   0x00000002   PAD
    0x080022d4   0x080022d4   0x00000148   Code   RO          654    .text.xQueueReceive  queue.o
    0x0800241c   0x0800241c   0x0000017a   Code   RO          638    .text.xQueueSemaphoreTake  queue.o
    0x08002596   0x08002596   0x00000002   PAD
    0x08002598   0x08002598   0x0000008a   Code   RO          790    .text.xTaskCheckForTimeOut  tasks.o
    0x08002622   0x08002622   0x00000002   PAD
    0x08002624   0x08002624   0x00000024   Code   RO          706    .text.xTaskCreate   tasks.o
    0x08002648   0x08002648   0x0000002a   Code   RO          700    .text.xTaskCreateStatic  tasks.o
    0x08002672   0x08002672   0x00000002   PAD
    0x08002674   0x08002674   0x00000026   Code   RO          808    .text.xTaskGetSchedulerState  tasks.o
    0x0800269a   0x0800269a   0x00000002   PAD
    0x0800269c   0x0800269c   0x0000000c   Code   RO          758    .text.xTaskGetTickCount  tasks.o
    0x080026a8   0x080026a8   0x0000019c   Code   RO          756    .text.xTaskIncrementTick  tasks.o
    0x08002844   0x08002844   0x00000088   Code   RO          812    .text.xTaskPriorityDisinherit  tasks.o
    0x080028cc   0x080028cc   0x000000a6   Code   RO          810    .text.xTaskPriorityInherit  tasks.o
    0x08002972   0x08002972   0x00000002   PAD
    0x08002974   0x08002974   0x000000e4   Code   RO          782    .text.xTaskRemoveFromEventList  tasks.o
    0x08002a58   0x08002a58   0x00000164   Code   RO          722    .text.xTaskResumeAll  tasks.o
    0x08002bbc   0x08002bbc   0x00000070   Code   RO          881    .text.xTimerCreateTimerTask  timers.o
    0x08002c2c   0x08002c2c   0x00000004   Data   RO          158    .rodata.ADCPrescTable  stm32f10x_rcc_1.o
    0x08002c30   0x08002c30   0x00000010   Data   RO          157    .rodata.APBAHBPrescTable  stm32f10x_rcc_1.o
    0x08002c40   0x08002c40   0x00000004   Data   RO          862    .rodata.uxTopUsedPriority  tasks.o
    0x08002c44   0x08002c44   0x00000020   Data   RO         1135    Region$$Table       anon$$obj.o


    Execution Region RW_IRAM1 (Exec base: 0x20000000, Load base: 0x08002c68, Size: 0x000032f8, Max: 0x00005000, ABSOLUTE)

    Exec Addr    Load Addr    Size         Type   Attr      Idx    E Section Name        Object

    0x20000000   0x08002c68   0x00000004   Data   RW          471    .data.SystemCoreClock  system_stm32f10x.o
    0x20000004   0x08002c6c   0x00000030   Data   RW           18    .data.taskList      main.o
    0x20000034   0x08002c9c   0x00000004   Data   RW          566    .data.uxCriticalNesting  port.o
    0x20000038        -       0x00000060   Zero   RW         1002    .bss                c_w.l(libspace.o)
    0x20000098        -       0x00000190   Zero   RW          252    .bss.clib_mutex_cb  clib_os.o
    0x20000228        -       0x00000014   Zero   RW          251    .bss.clib_mutex_id  clib_os.o
    0x2000023c        -       0x00000050   Zero   RW          953    .bss.prvCheckForValidListAndQueue.ucStaticTimerQueueStorage  timers.o
    0x2000028c        -       0x00000050   Zero   RW          952    .bss.prvCheckForValidListAndQueue.xStaticTimerQueue  timers.o
    0x200002dc        -       0x00000004   Zero   RW          949    .bss.prvSampleTimeNow.xLastTime  timers.o
    0x200002e0        -       0x00000004   Zero   RW          846    .bss.pxCurrentTCB   tasks.o
    0x200002e4        -       0x00000004   Zero   RW          947    .bss.pxCurrentTimerList  timers.o
    0x200002e8        -       0x00000004   Zero   RW          854    .bss.pxDelayedTaskList  tasks.o
    0x200002ec        -       0x00000004   Zero   RW          597    .bss.pxEnd          heap_4.o
    0x200002f0        -       0x00000004   Zero   RW          855    .bss.pxOverflowDelayedTaskList  tasks.o
    0x200002f4        -       0x00000004   Zero   RW          948    .bss.pxOverflowTimerList  timers.o
    0x200002f8        -       0x00000460   Zero   RW          858    .bss.pxReadyTasksLists  tasks.o
    0x20000758        -       0x00002000   Zero   RW          600    .bss.ucHeap         heap_4.o
    0x20002758        -       0x00000001   Zero   RW          564    .bss.ucMaxSysCallPriority  port.o
    0x20002759   0x08002ca0   0x00000003   PAD
    0x2000275c        -       0x00000004   Zero   RW          565    .bss.ulMaxPRIGROUPValue  port.o
    0x20002760        -       0x00000004   Zero   RW          851    .bss.uxCurrentNumberOfTasks  tasks.o
    0x20002764        -       0x00000004   Zero   RW          850    .bss.uxDeletedTasksWaitingCleanUp  tasks.o
    0x20002768        -       0x00000004   Zero   RW          852    .bss.uxSchedulerSuspended  tasks.o
    0x2000276c        -       0x00000004   Zero   RW          847    .bss.uxTaskNumber   tasks.o
    0x20002770        -       0x00000004   Zero   RW          859    .bss.uxTopReadyPriority  tasks.o
    0x20002774        -       0x00000200   Zero   RW          866    .bss.vApplicationGetIdleTaskMemory.uxIdleTaskStack  tasks.o
    0x20002974        -       0x0000005c   Zero   RW          865    .bss.vApplicationGetIdleTaskMemory.xIdleTaskTCB  tasks.o
    0x200029d0        -       0x00000200   Zero   RW          868    .bss.vApplicationGetTimerTaskMemory.uxTimerTaskStack  tasks.o
    0x20002bd0        -       0x0000005c   Zero   RW          867    .bss.vApplicationGetTimerTaskMemory.xTimerTaskTCB  tasks.o
    0x20002c2c        -       0x00000014   Zero   RW          950    .bss.xActiveTimerList1  timers.o
    0x20002c40        -       0x00000014   Zero   RW          951    .bss.xActiveTimerList2  timers.o
    0x20002c54        -       0x00000014   Zero   RW          869    .bss.xDelayedTaskList1  tasks.o
    0x20002c68        -       0x00000014   Zero   RW          870    .bss.xDelayedTaskList2  tasks.o
    0x20002c7c        -       0x00000004   Zero   RW           19    .bss.xEventGroup    main.o
    0x20002c80        -       0x00000004   Zero   RW          598    .bss.xFreeBytesRemaining  heap_4.o
    0x20002c84        -       0x00000004   Zero   RW          872    .bss.xIdleTaskHandles.0  tasks.o
    0x20002c88        -       0x00000004   Zero   RW          601    .bss.xMinimumEverFreeBytesRemaining  heap_4.o
    0x20002c8c        -       0x00000004   Zero   RW          861    .bss.xNextTaskUnblockTime  tasks.o
    0x20002c90        -       0x00000004   Zero   RW          864    .bss.xNumOfOverflows  tasks.o
    0x20002c94        -       0x00000004   Zero   RW          602    .bss.xNumberOfSuccessfulAllocations  heap_4.o
    0x20002c98        -       0x00000004   Zero   RW          603    .bss.xNumberOfSuccessfulFrees  heap_4.o
    0x20002c9c        -       0x00000004   Zero   RW          863    .bss.xPendedTicks   tasks.o
    0x20002ca0        -       0x00000014   Zero   RW          856    .bss.xPendingReadyList  tasks.o
    0x20002cb4        -       0x00000004   Zero   RW          848    .bss.xSchedulerRunning  tasks.o
    0x20002cb8        -       0x00000008   Zero   RW          599    .bss.xStart         heap_4.o
    0x20002cc0        -       0x00000014   Zero   RW          857    .bss.xSuspendedTaskList  tasks.o
    0x20002cd4        -       0x00000014   Zero   RW          849    .bss.xTasksWaitingTermination  tasks.o
    0x20002ce8        -       0x00000004   Zero   RW          853    .bss.xTickCount     tasks.o
    0x20002cec        -       0x00000004   Zero   RW          945    .bss.xTimerQueue    timers.o
    0x20002cf0        -       0x00000004   Zero   RW          946    .bss.xTimerTaskHandle  timers.o
    0x20002cf4        -       0x00000004   Zero   RW          860    .bss.xYieldPendings  tasks.o
    0x20002cf8        -       0x00000200   Zero   RW          454    HEAP                startup_stm32f10x_md.o
    0x20002ef8        -       0x00000400   Zero   RW          453    STACK               startup_stm32f10x_md.o


==============================================================================

Image component sizes


      Code (inc. data)   RO Data    RW Data    ZI Data      Debug   Object Name

       234          0          0          0        420       3927   clib_os.o
        30          0          0          0          0      38249   cmsis_os2.o
       408          0          0          0          0       8681   event_groups.o
       686          0          0          0       8220       5294   heap_4.o
       124          0          0          0          0       2259   list.o
       548         24          0         48          4       4044   main.o
       638         12          0          4          5       3778   port.o
      1922          0          0          0          0      20310   queue.o
        64         26        236          0       1536        804   startup_stm32f10x_md.o
       184          0          0          0          0       5880   stm32f10x_gpio.o
       184          0         20          0          0       7696   stm32f10x_rcc_1.o
       214          0          0          0          0       7964   stm32f10x_usart.o
       284          0          0          4          0       2893   system_stm32f10x.o
      3794          0          4          0       2488      36051   tasks.o
       958         18          0          0        220      14607   timers.o

    ----------------------------------------------------------------------
     10384         80        292         56      12896     162437   Object Totals
         0          0         32          0          0          0   (incl. Generated)
       112          0          0          0          3          0   (incl. Padding)

    ----------------------------------------------------------------------

      Code (inc. data)   RO Data    RW Data    ZI Data      Debug   Library Member Name

         8          0          0          0          0         68   __main.o
         0          0          0          0          0          0   __rtentry.o
        20          0          0          0          0          0   __rtentry2.o
         6          0          0          0          0          0   __rtentry4.o
        52          8          0          0          0          0   __scatter.o
        26          0          0          0          0          0   __scatter_copy.o
        28          0          0          0          0          0   __scatter_zi.o
        16          0          0          0          0         68   aeabi_memset4.o
        18          0          0          0          0         80   exit.o
         6          0          0          0          0        152   heapauxi.o
         0          0          0          0          0          0   indicate_semi.o
         2          0          0          0          0          0   libinit.o
         2          0          0          0          0          0   libinit2.o
         2          0          0          0          0          0   libshutdown.o
         2          0          0          0          0          0   libshutdown2.o
         8          4          0          0         96         68   libspace.o
        68          0          0          0          0         68   rt_memclr.o
        78          0          0          0          0         80   rt_memclr_w.o
       138          0          0          0          0         68   rt_memcpy_v6.o
       100          0          0          0          0         80   rt_memcpy_w.o
         2          0          0          0          0          0   rtexit.o
        10          0          0          0          0          0   rtexit2.o
        12          4          0          0          0         68   sys_exit.o
        74          0          0          0          0         80   sys_stackheap_outer.o
         2          0          0          0          0         68   use_no_semi.o

    ----------------------------------------------------------------------
       688         16          0          0         96        948   Library Totals
         8          0          0          0          0          0   (incl. Padding)

    ----------------------------------------------------------------------

      Code (inc. data)   RO Data    RW Data    ZI Data      Debug   Library Name

       680         16          0          0         96        948   c_w.l

    ----------------------------------------------------------------------
       688         16          0          0         96        948   Library Totals

    ----------------------------------------------------------------------

==============================================================================


      Code (inc. data)   RO Data    RW Data    ZI Data      Debug   

     11072         96        292         56      12992     162809   Grand Totals
     11072         96        292         56      12992     162809   ELF Image Totals
     11072         96        292         56          0          0   ROM Totals

==============================================================================

    Total RO  Size (Code + RO Data)                11364 (  11.10kB)
    Total RW  Size (RW Data + ZI Data)             13048 (  12.74kB)
    Total ROM Size (Code + RO Data + RW Data)      11420 (  11.15kB)

==============================================================================

